Archive member included to satisfy reference by file (symbol)

/usr/lib/gcc/arm-none-eabi/14.1.0/thumb/v6-m/nofp/libgcc.a(_dvmd_tls.o)
                              CMakeFiles/picocalc_helloworld.dir/home/menadue/pico/pico-sdk/src/rp2_common/pico_divider/divider_hardware.S.o (__aeabi_idiv0)
/usr/lib/gcc/arm-none-eabi/14.1.0/../../../../arm-none-eabi/lib/thumb/v6-m/nofp/libg.a(libc_a-atexit.o)
                              /usr/lib/gcc/arm-none-eabi/14.1.0/../../../../arm-none-eabi/lib/thumb/v6-m/nofp/crt0.o (atexit)
/usr/lib/gcc/arm-none-eabi/14.1.0/../../../../arm-none-eabi/lib/thumb/v6-m/nofp/libg.a(libc_a-calloc.o)
                              CMakeFiles/picocalc_helloworld.dir/home/menadue/pico/pico-sdk/src/rp2_common/pico_malloc/malloc.c.o (calloc)
/usr/lib/gcc/arm-none-eabi/14.1.0/../../../../arm-none-eabi/lib/thumb/v6-m/nofp/libg.a(libc_a-callocr.o)
                              /usr/lib/gcc/arm-none-eabi/14.1.0/../../../../arm-none-eabi/lib/thumb/v6-m/nofp/libg.a(libc_a-calloc.o) (_calloc_r)
/usr/lib/gcc/arm-none-eabi/14.1.0/../../../../arm-none-eabi/lib/thumb/v6-m/nofp/libg.a(libc_a-malloc.o)
                              CMakeFiles/picocalc_helloworld.dir/home/menadue/pico/pico-sdk/src/rp2_common/pico_malloc/malloc.c.o (malloc)
/usr/lib/gcc/arm-none-eabi/14.1.0/../../../../arm-none-eabi/lib/thumb/v6-m/nofp/libg.a(libc_a-mallocr.o)
                              /usr/lib/gcc/arm-none-eabi/14.1.0/../../../../arm-none-eabi/lib/thumb/v6-m/nofp/libg.a(libc_a-callocr.o) (_malloc_r)
/usr/lib/gcc/arm-none-eabi/14.1.0/../../../../arm-none-eabi/lib/thumb/v6-m/nofp/libg.a(libc_a-mlock.o)
                              /usr/lib/gcc/arm-none-eabi/14.1.0/../../../../arm-none-eabi/lib/thumb/v6-m/nofp/libg.a(libc_a-mallocr.o) (__malloc_lock)
/usr/lib/gcc/arm-none-eabi/14.1.0/../../../../arm-none-eabi/lib/thumb/v6-m/nofp/libg.a(libc_a-realloc.o)
                              CMakeFiles/picocalc_helloworld.dir/home/menadue/pico/pico-sdk/src/rp2_common/pico_malloc/malloc.c.o (realloc)
/usr/lib/gcc/arm-none-eabi/14.1.0/../../../../arm-none-eabi/lib/thumb/v6-m/nofp/libg.a(libc_a-reallocr.o)
                              /usr/lib/gcc/arm-none-eabi/14.1.0/../../../../arm-none-eabi/lib/thumb/v6-m/nofp/libg.a(libc_a-realloc.o) (_realloc_r)
/usr/lib/gcc/arm-none-eabi/14.1.0/../../../../arm-none-eabi/lib/thumb/v6-m/nofp/libg.a(libc_a-ctype_.o)
                              CMakeFiles/picocalc_helloworld.dir/lcdspi/lcdspi.c.o (_ctype_)
/usr/lib/gcc/arm-none-eabi/14.1.0/../../../../arm-none-eabi/lib/thumb/v6-m/nofp/libg.a(libc_a-fflush.o)
                              CMakeFiles/picocalc_helloworld.dir/lcdspi/lcdspi.c.o (fflush)
/usr/lib/gcc/arm-none-eabi/14.1.0/../../../../arm-none-eabi/lib/thumb/v6-m/nofp/libg.a(libc_a-findfp.o)
                              /usr/lib/gcc/arm-none-eabi/14.1.0/../../../../arm-none-eabi/lib/thumb/v6-m/nofp/libg.a(libc_a-fflush.o) (__sglue)
/usr/lib/gcc/arm-none-eabi/14.1.0/../../../../arm-none-eabi/lib/thumb/v6-m/nofp/libg.a(libc_a-fwalk.o)
                              /usr/lib/gcc/arm-none-eabi/14.1.0/../../../../arm-none-eabi/lib/thumb/v6-m/nofp/libg.a(libc_a-fflush.o) (_fwalk_sglue)
/usr/lib/gcc/arm-none-eabi/14.1.0/../../../../arm-none-eabi/lib/thumb/v6-m/nofp/libg.a(libc_a-stdio.o)
                              /usr/lib/gcc/arm-none-eabi/14.1.0/../../../../arm-none-eabi/lib/thumb/v6-m/nofp/libg.a(libc_a-findfp.o) (__sread)
/usr/lib/gcc/arm-none-eabi/14.1.0/../../../../arm-none-eabi/lib/thumb/v6-m/nofp/libg.a(libc_a-memcmp.o)
                              CMakeFiles/picocalc_helloworld.dir/home/menadue/pico/pico-sdk/src/rp2_common/pico_atomic/atomic.c.o (memcmp)
/usr/lib/gcc/arm-none-eabi/14.1.0/../../../../arm-none-eabi/lib/thumb/v6-m/nofp/libg.a(libc_a-memmove.o)
                              /usr/lib/gcc/arm-none-eabi/14.1.0/../../../../arm-none-eabi/lib/thumb/v6-m/nofp/libg.a(libc_a-reallocr.o) (memmove)
/usr/lib/gcc/arm-none-eabi/14.1.0/../../../../arm-none-eabi/lib/thumb/v6-m/nofp/libg.a(libc_a-lcltime_r.o)
                              CMakeFiles/picocalc_helloworld.dir/home/menadue/pico/pico-sdk/src/common/pico_util/datetime.c.o (localtime_r)
/usr/lib/gcc/arm-none-eabi/14.1.0/../../../../arm-none-eabi/lib/thumb/v6-m/nofp/libg.a(libc_a-mktime.o)
                              CMakeFiles/picocalc_helloworld.dir/home/menadue/pico/pico-sdk/src/common/pico_util/datetime.c.o (mktime)
/usr/lib/gcc/arm-none-eabi/14.1.0/../../../../arm-none-eabi/lib/thumb/v6-m/nofp/libg.a(libc_a-month_lengths.o)
                              /usr/lib/gcc/arm-none-eabi/14.1.0/../../../../arm-none-eabi/lib/thumb/v6-m/nofp/libg.a(libc_a-lcltime_r.o) (__month_lengths)
/usr/lib/gcc/arm-none-eabi/14.1.0/../../../../arm-none-eabi/lib/thumb/v6-m/nofp/libg.a(libc_a-tzcalc_limits.o)
                              /usr/lib/gcc/arm-none-eabi/14.1.0/../../../../arm-none-eabi/lib/thumb/v6-m/nofp/libg.a(libc_a-lcltime_r.o) (__tzcalc_limits)
[...]
Memory Configuration

Name             Origin             Length             Attributes
FLASH            0x10000000         0x00200000         xr
RAM              0x20000000         0x00040000         xrw
SCRATCH_X        0x20040000         0x00001000         xrw
SCRATCH_Y        0x20041000         0x00001000         xrw
*default*        0x00000000         0xffffffff

Linker script and memory map

LOAD /usr/lib/gcc/arm-none-eabi/14.1.0/thumb/v6-m/nofp/crti.o
LOAD /usr/lib/gcc/arm-none-eabi/14.1.0/thumb/v6-m/nofp/crtbegin.o
LOAD /usr/lib/gcc/arm-none-eabi/14.1.0/../../../../arm-none-eabi/lib/thumb/v6-m/nofp/crt0.o

.flash_begin    0x10000000        0x0
                0x10000000                        __flash_binary_start = .

.boot2          0x10000000      0x100
                0x10000000                        __boot2_start__ = .
 *(.boot2)
 .boot2         0x10000000      0x100 pico-sdk/src/rp2040/boot_stage2/CMakeFiles/bs2_default_library.dir/bs2_default_padded_checksummed.S.o
                0x10000100                        __boot2_end__ = .
                0x00000001                        ASSERT (((__boot2_end__ - __boot2_start__) == 0x100), ERROR: Pico second stage bootloader must be 256 bytes in size)

.text           0x10000100     0x4564
                0x10000100                        __logical_binary_start = .
 *(.vectors)
 .vectors       0x10000100       0xd4 CMakeFiles/picocalc_helloworld.dir/home/menadue/pico/pico-sdk/src/rp2_common/pico_crt0/crt0.S.o
                0x10000100                __vectors
                0x10000100                __VECTOR_TABLE
                0x100001c0                isr_invalid
                0x100001c0                __default_isrs_start
                0x100001c2                isr_nmi
                0x100001c4                isr_hardfault
                0x100001c6                isr_svcall
                0x100001c8                isr_pendsv
                0x100001ca                isr_systick
                0x100001cc                isr_irq30
                0x100001cc                __unhandled_user_irq
                0x100001cc                isr_irq13
                0x100001cc                isr_irq27
                0x100001cc                isr_irq31
                0x100001cc                isr_irq5
                0x100001cc                isr_irq11
                0x100001cc                isr_irq23
                0x100001cc                isr_irq18
                0x100001cc                isr_irq28
                0x100001cc                isr_irq19
                0x100001cc                isr_irq0
                0x100001cc                isr_irq6
                0x100001cc                isr_irq22
                0x100001cc                isr_irq17
                0x100001cc                isr_irq14
                0x100001cc                isr_irq2
                0x100001cc                isr_irq10
                0x100001cc                isr_irq8
                0x100001cc                isr_irq24
                0x100001cc                isr_irq1
                0x100001cc                isr_irq7
                0x100001cc                isr_irq21
                0x100001cc                isr_irq20
                0x100001cc                isr_irq15
                0x100001cc                isr_irq25
                0x100001cc                isr_irq4
                0x100001cc                isr_irq16
                0x100001cc                isr_irq29
                0x100001cc                isr_irq26
                0x100001cc                __default_isrs_end
                0x100001cc                isr_irq3
                0x100001cc                isr_irq12
                0x100001cc                isr_irq9
                0x100001d2                unhandled_user_irq_num_in_r0
 *(.binary_info_header)
 .binary_info_header
                0x100001d4       0x14 CMakeFiles/picocalc_helloworld.dir/home/menadue/pico/pico-sdk/src/rp2_common/pico_crt0/crt0.S.o
                0x100001e8                        __binary_info_header_end = .
 *(.embedded_block)
                0x100001e8                        __embedded_block_end = .
 *(.reset)
 .reset         0x100001e8       0x9c CMakeFiles/picocalc_helloworld.dir/home/menadue/pico/pico-sdk/src/rp2_common/pico_crt0/crt0.S.o
                0x100001e8                _entry_point
 *(.init)
 .init          0x10000284        0x4 /usr/lib/gcc/arm-none-eabi/14.1.0/thumb/v6-m/nofp/crti.o
                0x10000284                _init
 *(EXCLUDE_FILE(*libm.a: *libc.a:*lib_a-mem*.o *libgcc.a:) .text*)
 .text          0x10000288       0x98 /usr/lib/gcc/arm-none-eabi/14.1.0/thumb/v6-m/nofp/crtbegin.o
 .text.startup.main
                0x10000320       0x54 CMakeFiles/picocalc_helloworld.dir/main.c.o
                0x10000320                main
 .text.gpio_set_function
                0x10000374       0x34 CMakeFiles/picocalc_helloworld.dir/home/menadue/pico/pico-sdk/src/rp2_common/hardware_gpio/gpio.c.o
                0x10000374                gpio_set_function
 .text.gpio_set_pulls
                0x100003a8       0x28 CMakeFiles/picocalc_helloworld.dir/home/menadue/pico/pico-sdk/src/rp2_common/hardware_gpio/gpio.c.o
                0x100003a8                gpio_set_pulls
 .text.gpio_set_input_hysteresis_enabled
                0x100003d0       0x28 CMakeFiles/picocalc_helloworld.dir/home/menadue/pico/pico-sdk/src/rp2_common/hardware_gpio/gpio.c.o
                0x100003d0                gpio_set_input_hysteresis_enabled
 .text.gpio_init
                0x100003f8       0x40 CMakeFiles/picocalc_helloworld.dir/home/menadue/pico/pico-sdk/src/rp2_common/hardware_gpio/gpio.c.o
                0x100003f8                gpio_init
 .text.panic    0x10000438       0x30 CMakeFiles/picocalc_helloworld.dir/home/menadue/pico/pico-sdk/src/rp2_common/pico_platform_panic/panic.c.o
                0x10000438                panic
 .text.hw_claim_or_assert
                0x10000468       0x44 CMakeFiles/picocalc_helloworld.dir/home/menadue/pico/pico-sdk/src/common/hardware_claim/claim.c.o
                0x10000468                hw_claim_or_assert
 .text.next_striped_spin_lock_num
                0x100004ac       0x18 CMakeFiles/picocalc_helloworld.dir/home/menadue/pico/pico-sdk/src/rp2_common/hardware_sync/sync.c.o
                0x100004ac                next_striped_spin_lock_num
 .text.spin_locks_reset
                0x100004c4       0x1c CMakeFiles/picocalc_helloworld.dir/home/menadue/pico/pico-sdk/src/rp2_common/hardware_sync_spin_lock/sync_spin_lock.c.o
                0x100004c4                spin_locks_reset
 .text.runtime_init_per_core_irq_priorities
                0x100004e0       0x24 CMakeFiles/picocalc_helloworld.dir/home/menadue/pico/pico-sdk/src/rp2_common/hardware_irq/irq.c.o
                0x100004e0                runtime_init_per_core_irq_priorities
 .text.irq_set_enabled
                0x10000504       0x24 CMakeFiles/picocalc_helloworld.dir/home/menadue/pico/pico-sdk/src/rp2_common/hardware_irq/irq.c.o
                0x10000504                irq_set_enabled
 .text.irq_set_exclusive_handler
                0x10000528       0x54 CMakeFiles/picocalc_helloworld.dir/home/menadue/pico/pico-sdk/src/rp2_common/hardware_irq/irq.c.o
                0x10000528                irq_set_exclusive_handler
 .text.irq_remove_handler
                0x1000057c      0x1d4 CMakeFiles/picocalc_helloworld.dir/home/menadue/pico/pico-sdk/src/rp2_common/hardware_irq/irq.c.o
                0x1000057c                irq_remove_handler
 .text.irq_add_tail_to_free_list
                0x10000750       0xb4 CMakeFiles/picocalc_helloworld.dir/home/menadue/pico/pico-sdk/src/rp2_common/hardware_irq/irq.c.o
                0x10000750                irq_add_tail_to_free_list
 .text.lock_init
                0x10000804       0x10 CMakeFiles/picocalc_helloworld.dir/home/menadue/pico/pico-sdk/src/common/pico_sync/lock_core.c.o
                0x10000804                lock_init
 .text.runtime_init_mutex
                0x10000814       0x50 CMakeFiles/picocalc_helloworld.dir/home/menadue/pico/pico-sdk/src/common/pico_sync/mutex.c.o
                0x10000814                runtime_init_mutex
 .text.sleep_until_callback
                0x10000864       0x30 CMakeFiles/picocalc_helloworld.dir/home/menadue/pico/pico-sdk/src/common/pico_time/time.c.o
 .text.alarm_pool_irq_handler
                0x10000894      0x2fc CMakeFiles/picocalc_helloworld.dir/home/menadue/pico/pico-sdk/src/common/pico_time/time.c.o
 .text.runtime_init_default_alarm_pool
                0x10000b90       0xdc CMakeFiles/picocalc_helloworld.dir/home/menadue/pico/pico-sdk/src/common/pico_time/time.c.o
                0x10000b90                runtime_init_default_alarm_pool
 .text.alarm_pool_add_alarm_at_force_in_context
                0x10000c6c       0xb0 CMakeFiles/picocalc_helloworld.dir/home/menadue/pico/pico-sdk/src/common/pico_time/time.c.o
                0x10000c6c                alarm_pool_add_alarm_at_force_in_context
 .text.alarm_pool_cancel_alarm
                0x10000d1c       0x74 CMakeFiles/picocalc_helloworld.dir/home/menadue/pico/pico-sdk/src/common/pico_time/time.c.o
                0x10000d1c                alarm_pool_cancel_alarm
 .text.sleep_us
                0x10000d90       0xec CMakeFiles/picocalc_helloworld.dir/home/menadue/pico/pico-sdk/src/common/pico_time/time.c.o
                0x10000d90                sleep_us
 .text.sleep_ms
                0x10000e7c       0xfc CMakeFiles/picocalc_helloworld.dir/home/menadue/pico/pico-sdk/src/common/pico_time/time.c.o
                0x10000e7c                sleep_ms
 .text.best_effort_wfe_or_timeout
                0x10000f78       0xec CMakeFiles/picocalc_helloworld.dir/home/menadue/pico/pico-sdk/src/common/pico_time/time.c.o
                0x10000f78                best_effort_wfe_or_timeout
 .text.check_single_timeout_us
                0x10001064       0x24 CMakeFiles/picocalc_helloworld.dir/home/menadue/pico/pico-sdk/src/common/pico_time/timeout_helper.c.o
 .text.init_single_timeout_until
                0x10001088        0xc CMakeFiles/picocalc_helloworld.dir/home/menadue/pico/pico-sdk/src/common/pico_time/timeout_helper.c.o
                0x10001088                init_single_timeout_until
 .text.timer_hardware_alarm_claim
                0x10001094       0x14 CMakeFiles/picocalc_helloworld.dir/home/menadue/pico/pico-sdk/src/rp2_common/hardware_timer/timer.c.o
                0x10001094                timer_hardware_alarm_claim
 .text.timer_time_us_64
                0x100010a8       0x10 CMakeFiles/picocalc_helloworld.dir/home/menadue/pico/pico-sdk/src/rp2_common/hardware_timer/timer.c.o
                0x100010a8                timer_time_us_64
 .text.time_us_64
                0x100010b8       0x14 CMakeFiles/picocalc_helloworld.dir/home/menadue/pico/pico-sdk/src/rp2_common/hardware_timer/timer.c.o
                0x100010b8                time_us_64
 .text.busy_wait_us
                0x100010cc       0x68 CMakeFiles/picocalc_helloworld.dir/home/menadue/pico/pico-sdk/src/rp2_common/hardware_timer/timer.c.o
                0x100010cc                busy_wait_us
 .text.busy_wait_until
                0x10001134       0x20 CMakeFiles/picocalc_helloworld.dir/home/menadue/pico/pico-sdk/src/rp2_common/hardware_timer/timer.c.o
                0x10001134                busy_wait_until
 .text.uart_init
                0x10001154      0x120 CMakeFiles/picocalc_helloworld.dir/home/menadue/pico/pico-sdk/src/rp2_common/hardware_uart/uart.c.o
                0x10001154                uart_init
 .text.clock_configure_int_divider
                0x10001274       0xf4 CMakeFiles/picocalc_helloworld.dir/home/menadue/pico/pico-sdk/src/rp2_common/hardware_clocks/clocks.c.o
                0x10001274                clock_configure_int_divider
 .text.clock_configure_undivided
                0x10001368       0xe8 CMakeFiles/picocalc_helloworld.dir/home/menadue/pico/pico-sdk/src/rp2_common/hardware_clocks/clocks.c.o
                0x10001368                clock_configure_undivided
 .text.clock_get_hz
                0x10001450        0xc CMakeFiles/picocalc_helloworld.dir/home/menadue/pico/pico-sdk/src/rp2_common/hardware_clocks/clocks.c.o
                0x10001450                clock_get_hz
 .text.pll_init
                0x1000145c       0xa4 CMakeFiles/picocalc_helloworld.dir/home/menadue/pico/pico-sdk/src/rp2_common/hardware_pll/pll.c.o
                0x1000145c                pll_init
 .text.tick_start
                0x10001500       0x10 CMakeFiles/picocalc_helloworld.dir/home/menadue/pico/pico-sdk/src/rp2_common/hardware_ticks/ticks.c.o
                0x10001500                tick_start
 .text.rom_func_lookup
                0x10001510       0x10 CMakeFiles/picocalc_helloworld.dir/home/menadue/pico/pico-sdk/src/rp2_common/pico_bootrom/bootrom.c.o
                0x10001510                rom_func_lookup
 .text.rom_data_lookup
                0x10001520       0x10 CMakeFiles/picocalc_helloworld.dir/home/menadue/pico/pico-sdk/src/rp2_common/pico_bootrom/bootrom.c.o
                0x10001520                rom_data_lookup
 .text.rom_funcs_lookup
                0x10001530       0x44 CMakeFiles/picocalc_helloworld.dir/home/menadue/pico/pico-sdk/src/rp2_common/pico_bootrom/bootrom.c.o
                0x10001530                rom_funcs_lookup
 .text.xosc_init
                0x10001574       0x28 CMakeFiles/picocalc_helloworld.dir/home/menadue/pico/pico-sdk/src/rp2_common/hardware_xosc/xosc.c.o
                0x10001574                xosc_init
 .text.first_per_core_initializer
                0x1000159c        0x4 CMakeFiles/picocalc_helloworld.dir/home/menadue/pico/pico-sdk/src/rp2_common/pico_runtime/runtime.c.o
 .text.hard_assertion_failure
                0x100015a0        0xc CMakeFiles/picocalc_helloworld.dir/home/menadue/pico/pico-sdk/src/rp2_common/pico_runtime/runtime.c.o
                0x100015a0                hard_assertion_failure
 .text.runtime_run_initializers
                0x100015ac       0x28 CMakeFiles/picocalc_helloworld.dir/home/menadue/pico/pico-sdk/src/rp2_common/pico_runtime/runtime.c.o
                0x100015ac                runtime_run_initializers
 .text.runtime_init_early_resets
                0x100015d4       0x2c CMakeFiles/picocalc_helloworld.dir/home/menadue/pico/pico-sdk/src/rp2_common/pico_runtime_init/runtime_init.c.o
                0x100015d4                runtime_init_early_resets
 .text.runtime_init_usb_power_down
                0x10001600       0x1c CMakeFiles/picocalc_helloworld.dir/home/menadue/pico/pico-sdk/src/rp2_common/pico_runtime_init/runtime_init.c.o
                0x10001600                runtime_init_usb_power_down
 .text.runtime_init_post_clock_resets
                0x1000161c       0x20 CMakeFiles/picocalc_helloworld.dir/home/menadue/pico/pico-sdk/src/rp2_common/pico_runtime_init/runtime_init.c.o
                0x1000161c                runtime_init_post_clock_resets
 .text.runtime_init_rp2040_gpio_ie_disable
                0x1000163c       0x14 CMakeFiles/picocalc_helloworld.dir/home/menadue/pico/pico-sdk/src/rp2_common/pico_runtime_init/runtime_init.c.o
                0x1000163c                runtime_init_rp2040_gpio_ie_disable
 .text.runtime_init_spin_locks_reset
                0x10001650        0x8 CMakeFiles/picocalc_helloworld.dir/home/menadue/pico/pico-sdk/src/rp2_common/pico_runtime_init/runtime_init.c.o
                0x10001650                runtime_init_spin_locks_reset
 .text.runtime_init_install_ram_vector_table
                0x10001658       0x1c CMakeFiles/picocalc_helloworld.dir/home/menadue/pico/pico-sdk/src/rp2_common/pico_runtime_init/runtime_init.c.o
                0x10001658                runtime_init_install_ram_vector_table
 .text.runtime_init_clocks
                0x10001674       0xd8 CMakeFiles/picocalc_helloworld.dir/home/menadue/pico/pico-sdk/src/rp2_common/pico_runtime_init/runtime_init_clocks.c.o
                0x10001674                runtime_init_clocks
 .text          0x1000174c       0x10 CMakeFiles/picocalc_helloworld.dir/home/menadue/pico/pico-sdk/src/rp2_common/pico_bit_ops/bit_ops_aeabi.S.o
 .text.__wrap___aeabi_idiv
                0x1000175c       0x50 CMakeFiles/picocalc_helloworld.dir/home/menadue/pico/pico-sdk/src/rp2_common/pico_divider/divider_hardware.S.o
                0x1000175c                __wrap___aeabi_idivmod
                0x1000175c                divmod_s32s32
                0x1000175c                div_s32s32
                0x1000175c                __wrap___aeabi_idiv
                0x10001764                divmod_s32s32_unsafe
                0x10001790                divmod_s32s32_savestate
 .text.__wrap___aeabi_uidiv
                0x100017ac       0x4c CMakeFiles/picocalc_helloworld.dir/home/menadue/pico/pico-sdk/src/rp2_common/pico_divider/divider_hardware.S.o
                0x100017ac                __wrap___aeabi_uidiv
                0x100017ac                __wrap___aeabi_uidivmod
                0x100017ac                div_u32u32
                0x100017ac                divmod_u32u32
                0x100017b4                divmod_u32u32_unsafe
                0x100017dc                divmod_u32u32_savestate
 .text.__aeabi_double_init
                0x100017f8       0xa4 CMakeFiles/picocalc_helloworld.dir/home/menadue/pico/pico-sdk/src/rp2_common/pico_double/double_init_rom_rp2040.c.o
                0x100017f8                __aeabi_double_init
 .text.double_table_shim_on_use_helper
                0x1000189c       0x2c CMakeFiles/picocalc_helloworld.dir/home/menadue/pico/pico-sdk/src/rp2_common/pico_double/double_v1_rom_shim_rp2040.S.o
                0x1000189c                double_table_shim_on_use_helper
 .text.__aeabi_lmul
                0x100018c8       0x32 CMakeFiles/picocalc_helloworld.dir/home/menadue/pico/pico-sdk/src/rp2_common/pico_int64_ops/pico_int64_ops_aeabi.S.o
                0x100018c8                __wrap___aeabi_lmul
 *fill*         0x100018fa        0x2 
 .text.__aeabi_float_init
                0x100018fc       0x64 CMakeFiles/picocalc_helloworld.dir/home/menadue/pico/pico-sdk/src/rp2_common/pico_float/float_init_rom_rp2040.c.o
                0x100018fc                __aeabi_float_init
 .text.float_table_shim_on_use_helper
                0x10001960       0x2c CMakeFiles/picocalc_helloworld.dir/home/menadue/pico/pico-sdk/src/rp2_common/pico_float/float_v1_rom_shim_rp2040.S.o
                0x10001960                float_table_shim_on_use_helper
 .text          0x1000198c       0x10 CMakeFiles/picocalc_helloworld.dir/home/menadue/pico/pico-sdk/src/rp2_common/pico_mem_ops/mem_ops_aeabi.S.o
                0x1000198c                __aeabi_mem_init
 .text.memset   0x1000199c        0xc CMakeFiles/picocalc_helloworld.dir/home/menadue/pico/pico-sdk/src/rp2_common/pico_mem_ops/mem_ops_aeabi.S.o
                0x1000199c                __wrap_memset
 .text.memcpy   0x100019a8        0xc CMakeFiles/picocalc_helloworld.dir/home/menadue/pico/pico-sdk/src/rp2_common/pico_mem_ops/mem_ops_aeabi.S.o
                0x100019a8                __wrap___aeabi_memcpy
                0x100019a8                __wrap_memcpy
 .text._out_char
                0x100019b4       0x10 CMakeFiles/picocalc_helloworld.dir/home/menadue/pico/pico-sdk/src/rp2_common/pico_printf/printf.c.o
 .text.weak_raw_vprintf
                0x100019c4       0x30 CMakeFiles/picocalc_helloworld.dir/home/menadue/pico/pico-sdk/src/rp2_common/pico_printf/printf.c.o
                0x100019c4                weak_raw_vprintf
 .text._exit    0x100019f4        0x4 CMakeFiles/picocalc_helloworld.dir/home/menadue/pico/pico-sdk/src/rp2_common/pico_clib_interface/newlib_interface.c.o
                0x100019f4                _exit
 .text._sbrk    0x100019f8       0x34 CMakeFiles/picocalc_helloworld.dir/home/menadue/pico/pico-sdk/src/rp2_common/pico_clib_interface/newlib_interface.c.o
                0x100019f8                _sbrk
 .text._read    0x10001a2c       0x24 CMakeFiles/picocalc_helloworld.dir/home/menadue/pico/pico-sdk/src/rp2_common/pico_clib_interface/newlib_interface.c.o
                0x10001a2c                _read
 .text._write   0x10001a50       0x24 CMakeFiles/picocalc_helloworld.dir/home/menadue/pico/pico-sdk/src/rp2_common/pico_clib_interface/newlib_interface.c.o
                0x10001a50                _write
 .text._close   0x10001a74        0x8 CMakeFiles/picocalc_helloworld.dir/home/menadue/pico/pico-sdk/src/rp2_common/pico_clib_interface/newlib_interface.c.o
                0x10001a74                _close
 .text._lseek   0x10001a7c        0x8 CMakeFiles/picocalc_helloworld.dir/home/menadue/pico/pico-sdk/src/rp2_common/pico_clib_interface/newlib_interface.c.o
                0x10001a7c                _lseek
 .text.exit     0x10001a84        0x8 CMakeFiles/picocalc_helloworld.dir/home/menadue/pico/pico-sdk/src/rp2_common/pico_clib_interface/newlib_interface.c.o
                0x10001a84                exit
 .text.runtime_init
                0x10001a8c       0x2c CMakeFiles/picocalc_helloworld.dir/home/menadue/pico/pico-sdk/src/rp2_common/pico_clib_interface/newlib_interface.c.o
                0x10001a8c                runtime_init
 .text.stdio_out_chars_no_crlf
                0x10001ab8       0x10 CMakeFiles/picocalc_helloworld.dir/home/menadue/pico/pico-sdk/src/rp2_common/pico_stdio/stdio.c.o
 .text.stdio_out_chars_crlf
                0x10001ac8       0xb0 CMakeFiles/picocalc_helloworld.dir/home/menadue/pico/pico-sdk/src/rp2_common/pico_stdio/stdio.c.o
 .text.stdio_put_string
                0x10001b78       0xfc CMakeFiles/picocalc_helloworld.dir/home/menadue/pico/pico-sdk/src/rp2_common/pico_stdio/stdio.c.o
                0x10001b78                stdio_put_string
 .text.stdio_get_until
                0x10001c74       0x84 CMakeFiles/picocalc_helloworld.dir/home/menadue/pico/pico-sdk/src/rp2_common/pico_stdio/stdio.c.o
                0x10001c74                stdio_get_until
 .text.stdio_set_driver_enabled
                0x10001cf8       0x30 CMakeFiles/picocalc_helloworld.dir/home/menadue/pico/pico-sdk/src/rp2_common/pico_stdio/stdio.c.o
                0x10001cf8                stdio_set_driver_enabled
 .text.stdio_init_all
                0x10001d28        0xc CMakeFiles/picocalc_helloworld.dir/home/menadue/pico/pico-sdk/src/rp2_common/pico_stdio/stdio.c.o
                0x10001d28                stdio_init_all
 .text.__wrap_putchar
                0x10001d34       0x94 CMakeFiles/picocalc_helloworld.dir/home/menadue/pico/pico-sdk/src/rp2_common/pico_stdio/stdio.c.o
                0x10001d34                stdio_putchar
                0x10001d34                __wrap_putchar
 .text.__wrap_puts
                0x10001dc8       0x3c CMakeFiles/picocalc_helloworld.dir/home/menadue/pico/pico-sdk/src/rp2_common/pico_stdio/stdio.c.o
                0x10001dc8                __wrap_puts
                0x10001dc8                stdio_puts
 .text.stdio_uart_out_chars
                0x10001e04       0x4c CMakeFiles/picocalc_helloworld.dir/home/menadue/pico/pico-sdk/src/rp2_common/pico_stdio_uart/stdio_uart.c.o
 .text.stdio_uart_in_chars
                0x10001e50       0x90 CMakeFiles/picocalc_helloworld.dir/home/menadue/pico/pico-sdk/src/rp2_common/pico_stdio_uart/stdio_uart.c.o
                0x10001e50                stdio_uart_in_chars
 .text.on_uart_rx
                0x10001ee0       0x28 CMakeFiles/picocalc_helloworld.dir/home/menadue/pico/pico-sdk/src/rp2_common/pico_stdio_uart/stdio_uart.c.o
 .text.stdio_uart_out_flush
                0x10001f08       0x14 CMakeFiles/picocalc_helloworld.dir/home/menadue/pico/pico-sdk/src/rp2_common/pico_stdio_uart/stdio_uart.c.o
 .text.stdio_uart_set_chars_available_callback
                0x10001f1c       0x84 CMakeFiles/picocalc_helloworld.dir/home/menadue/pico/pico-sdk/src/rp2_common/pico_stdio_uart/stdio_uart.c.o
 .text.stdio_uart_init
                0x10001fa0       0x50 CMakeFiles/picocalc_helloworld.dir/home/menadue/pico/pico-sdk/src/rp2_common/pico_stdio_uart/stdio_uart.c.o
                0x10001fa0                stdio_uart_init
 .text.i2c_write_blocking_internal
                0x10001ff0      0x1b8 CMakeFiles/picocalc_helloworld.dir/home/menadue/pico/pico-sdk/src/rp2_common/hardware_i2c/i2c.c.o
 .text.i2c_read_blocking_internal
                0x100021a8      0x100 CMakeFiles/picocalc_helloworld.dir/home/menadue/pico/pico-sdk/src/rp2_common/hardware_i2c/i2c.c.o
 .text.i2c_set_baudrate
                0x100022a8       0xc0 CMakeFiles/picocalc_helloworld.dir/home/menadue/pico/pico-sdk/src/rp2_common/hardware_i2c/i2c.c.o
                0x100022a8                i2c_set_baudrate
 .text.i2c_init
                0x10002368       0x50 CMakeFiles/picocalc_helloworld.dir/home/menadue/pico/pico-sdk/src/rp2_common/hardware_i2c/i2c.c.o
                0x10002368                i2c_init
 .text.i2c_write_blocking_until
                0x100023b8       0x48 CMakeFiles/picocalc_helloworld.dir/home/menadue/pico/pico-sdk/src/rp2_common/hardware_i2c/i2c.c.o
                0x100023b8                i2c_write_blocking_until
 .text.i2c_read_blocking_until
                0x10002400       0x48 CMakeFiles/picocalc_helloworld.dir/home/menadue/pico/pico-sdk/src/rp2_common/hardware_i2c/i2c.c.o
                0x10002400                i2c_read_blocking_until
 .text.spi_init
                0x10002448      0x13c CMakeFiles/picocalc_helloworld.dir/home/menadue/pico/pico-sdk/src/rp2_common/hardware_spi/spi.c.o
                0x10002448                spi_init
 .text.spi_set_baudrate
                0x10002584       0xb8 CMakeFiles/picocalc_helloworld.dir/home/menadue/pico/pico-sdk/src/rp2_common/hardware_spi/spi.c.o
                0x10002584                spi_set_baudrate
 .text.init_i2c_kbd
                0x1000263c       0x44 CMakeFiles/picocalc_helloworld.dir/i2ckbd/i2ckbd.c.o
                0x1000263c                init_i2c_kbd
 .text.read_i2c_kbd
                0x10002680       0xf8 CMakeFiles/picocalc_helloworld.dir/i2ckbd/i2ckbd.c.o
                0x10002680                read_i2c_kbd
 .text.spi_write_cd.constprop.0
                0x10002778       0x54 CMakeFiles/picocalc_helloworld.dir/lcdspi/lcdspi.c.o
 .text.define_region_spi
                0x100027cc       0xcc CMakeFiles/picocalc_helloworld.dir/lcdspi/lcdspi.c.o
                0x100027cc                define_region_spi
 .text.read_buffer_spi
                0x10002898       0xd4 CMakeFiles/picocalc_helloworld.dir/lcdspi/lcdspi.c.o
                0x10002898                read_buffer_spi
 .text.draw_buffer_spi
                0x1000296c       0xac CMakeFiles/picocalc_helloworld.dir/lcdspi/lcdspi.c.o
                0x1000296c                draw_buffer_spi
 .text.draw_rect_spi
                0x10002a18      0x26c CMakeFiles/picocalc_helloworld.dir/lcdspi/lcdspi.c.o
                0x10002a18                draw_rect_spi
 .text.lcd_print_char
                0x10002c84      0x288 CMakeFiles/picocalc_helloworld.dir/lcdspi/lcdspi.c.o
                0x10002c84                lcd_print_char
 .text.scroll_lcd_spi
                0x10002f0c       0xe8 CMakeFiles/picocalc_helloworld.dir/lcdspi/lcdspi.c.o
                0x10002f0c                scroll_lcd_spi
 .text.display_put_c
                0x10002ff4      0x170 CMakeFiles/picocalc_helloworld.dir/lcdspi/lcdspi.c.o
                0x10002ff4                display_put_c
 .text.lcd_print_string
                0x10003164       0x58 CMakeFiles/picocalc_helloworld.dir/lcdspi/lcdspi.c.o
                0x10003164                lcd_print_string
 .text.lcd_clear
                0x100031bc       0x2c CMakeFiles/picocalc_helloworld.dir/lcdspi/lcdspi.c.o
                0x100031bc                lcd_clear
 .text.lcd_putc
                0x100031e8      0x130 CMakeFiles/picocalc_helloworld.dir/lcdspi/lcdspi.c.o
                0x100031e8                lcd_putc
 .text.lcd_getc
                0x10003318        0x8 CMakeFiles/picocalc_helloworld.dir/lcdspi/lcdspi.c.o
                0x10003318                lcd_getc
 .text.reset_controller
                0x10003320       0x70 CMakeFiles/picocalc_helloworld.dir/lcdspi/lcdspi.c.o
                0x10003320                reset_controller
 .text.pico_lcd_init
                0x10003390      0x6c0 CMakeFiles/picocalc_helloworld.dir/lcdspi/lcdspi.c.o
                0x10003390                pico_lcd_init
 .text.lcd_spi_init
                0x10003a50       0x80 CMakeFiles/picocalc_helloworld.dir/lcdspi/lcdspi.c.o
                0x10003a50                lcd_spi_init
 .text.lcd_init
                0x10003ad0       0x54 CMakeFiles/picocalc_helloworld.dir/lcdspi/lcdspi.c.o
                0x10003ad0                lcd_init
 .text.atexit   0x10003b24       0x10 /usr/lib/gcc/arm-none-eabi/14.1.0/../../../../arm-none-eabi/lib/thumb/v6-m/nofp/libg.a(libc_a-atexit.o)
                0x10003b24                atexit
 .text.__malloc_lock
                0x10003b34       0x10 /usr/lib/gcc/arm-none-eabi/14.1.0/../../../../arm-none-eabi/lib/thumb/v6-m/nofp/libg.a(libc_a-mlock.o)
                0x10003b34                __malloc_lock
 .text.__malloc_unlock
                0x10003b44       0x10 /usr/lib/gcc/arm-none-eabi/14.1.0/../../../../arm-none-eabi/lib/thumb/v6-m/nofp/libg.a(libc_a-mlock.o)
                0x10003b44                __malloc_unlock
 .text.__sflush_r
                0x10003b54      0x13c /usr/lib/gcc/arm-none-eabi/14.1.0/../../../../arm-none-eabi/lib/thumb/v6-m/nofp/libg.a(libc_a-fflush.o)
                0x10003b54                __sflush_r
 .text._fflush_r
                0x10003c90       0x68 /usr/lib/gcc/arm-none-eabi/14.1.0/../../../../arm-none-eabi/lib/thumb/v6-m/nofp/libg.a(libc_a-fflush.o)
                0x10003c90                _fflush_r
 .text.fflush   0x10003cf8       0x7c /usr/lib/gcc/arm-none-eabi/14.1.0/../../../../arm-none-eabi/lib/thumb/v6-m/nofp/libg.a(libc_a-fflush.o)
                0x10003cf8                fflush
 .text.stdio_exit_handler
                0x10003d74       0x1c /usr/lib/gcc/arm-none-eabi/14.1.0/../../../../arm-none-eabi/lib/thumb/v6-m/nofp/libg.a(libc_a-findfp.o)
 .text.cleanup_stdio
                0x10003d90       0x3c /usr/lib/gcc/arm-none-eabi/14.1.0/../../../../arm-none-eabi/lib/thumb/v6-m/nofp/libg.a(libc_a-findfp.o)
 .text.global_stdio_init.part.0
                0x10003dcc      0x118 /usr/lib/gcc/arm-none-eabi/14.1.0/../../../../arm-none-eabi/lib/thumb/v6-m/nofp/libg.a(libc_a-findfp.o)
 .text.__sinit  0x10003ee4       0x38 /usr/lib/gcc/arm-none-eabi/14.1.0/../../../../arm-none-eabi/lib/thumb/v6-m/nofp/libg.a(libc_a-findfp.o)
                0x10003ee4                __sinit
 .text.__sfp_lock_acquire
                0x10003f1c       0x10 /usr/lib/gcc/arm-none-eabi/14.1.0/../../../../arm-none-eabi/lib/thumb/v6-m/nofp/libg.a(libc_a-findfp.o)
                0x10003f1c                __sfp_lock_acquire
 .text.__sfp_lock_release
                0x10003f2c       0x10 /usr/lib/gcc/arm-none-eabi/14.1.0/../../../../arm-none-eabi/lib/thumb/v6-m/nofp/libg.a(libc_a-findfp.o)
                0x10003f2c                __sfp_lock_release
 .text._fwalk_sglue
                0x10003f3c       0x44 /usr/lib/gcc/arm-none-eabi/14.1.0/../../../../arm-none-eabi/lib/thumb/v6-m/nofp/libg.a(libc_a-fwalk.o)
                0x10003f3c                _fwalk_sglue
 .text.__sread  0x10003f80       0x28 /usr/lib/gcc/arm-none-eabi/14.1.0/../../../../arm-none-eabi/lib/thumb/v6-m/nofp/libg.a(libc_a-stdio.o)
                0x10003f80                __sread
 .text.__swrite
                0x10003fa8       0x40 /usr/lib/gcc/arm-none-eabi/14.1.0/../../../../arm-none-eabi/lib/thumb/v6-m/nofp/libg.a(libc_a-stdio.o)
                0x10003fa8                __swrite
 .text.__sseek  0x10003fe8       0x2c /usr/lib/gcc/arm-none-eabi/14.1.0/../../../../arm-none-eabi/lib/thumb/v6-m/nofp/libg.a(libc_a-stdio.o)
                0x10003fe8                __sseek
 .text.__sclose
                0x10004014        0xc /usr/lib/gcc/arm-none-eabi/14.1.0/../../../../arm-none-eabi/lib/thumb/v6-m/nofp/libg.a(libc_a-stdio.o)
                0x10004014                __sclose
 .text._close_r
                0x10004020       0x24 /usr/lib/gcc/arm-none-eabi/14.1.0/../../../../arm-none-eabi/lib/thumb/v6-m/nofp/libg.a(libc_a-closer.o)
                0x10004020                _close_r
 .text._lseek_r
                0x10004044       0x28 /usr/lib/gcc/arm-none-eabi/14.1.0/../../../../arm-none-eabi/lib/thumb/v6-m/nofp/libg.a(libc_a-lseekr.o)
                0x10004044                _lseek_r
 .text._read_r  0x1000406c       0x28 /usr/lib/gcc/arm-none-eabi/14.1.0/../../../../arm-none-eabi/lib/thumb/v6-m/nofp/libg.a(libc_a-readr.o)
                0x1000406c                _read_r
 .text._sbrk_r  0x10004094       0x24 /usr/lib/gcc/arm-none-eabi/14.1.0/../../../../arm-none-eabi/lib/thumb/v6-m/nofp/libg.a(libc_a-sbrkr.o)
                0x10004094                _sbrk_r
 .text._write_r
                0x100040b8       0x28 /usr/lib/gcc/arm-none-eabi/14.1.0/../../../../arm-none-eabi/lib/thumb/v6-m/nofp/libg.a(libc_a-writer.o)
                0x100040b8                _write_r
 .text.__errno  0x100040e0        0xc /usr/lib/gcc/arm-none-eabi/14.1.0/../../../../arm-none-eabi/lib/thumb/v6-m/nofp/libg.a(libc_a-errno.o)
                0x100040e0                __errno
 .text.__libc_fini_array
                0x100040ec       0x28 /usr/lib/gcc/arm-none-eabi/14.1.0/../../../../arm-none-eabi/lib/thumb/v6-m/nofp/libg.a(libc_a-fini.o)
                0x100040ec                __libc_fini_array
 .text.__retarget_lock_init_recursive
                0x10004114        0x4 /usr/lib/gcc/arm-none-eabi/14.1.0/../../../../arm-none-eabi/lib/thumb/v6-m/nofp/libg.a(libc_a-lock.o)
                0x10004114                __retarget_lock_init_recursive
 .text.__retarget_lock_close_recursive
                0x10004118        0x4 /usr/lib/gcc/arm-none-eabi/14.1.0/../../../../arm-none-eabi/lib/thumb/v6-m/nofp/libg.a(libc_a-lock.o)
                0x10004118                __retarget_lock_close_recursive
 .text.__retarget_lock_acquire_recursive
                0x1000411c        0x4 /usr/lib/gcc/arm-none-eabi/14.1.0/../../../../arm-none-eabi/lib/thumb/v6-m/nofp/libg.a(libc_a-lock.o)
                0x1000411c                __retarget_lock_acquire_recursive
 .text.__retarget_lock_release_recursive
                0x10004120        0x4 /usr/lib/gcc/arm-none-eabi/14.1.0/../../../../arm-none-eabi/lib/thumb/v6-m/nofp/libg.a(libc_a-lock.o)
                0x10004120                __retarget_lock_release_recursive
 .text.sysconf  0x10004124       0x1c /usr/lib/gcc/arm-none-eabi/14.1.0/../../../../arm-none-eabi/lib/thumb/v6-m/nofp/libg.a(libc_a-sysconf.o)
                0x10004124                sysconf
 .text.strlen   0x10004140       0x5c /usr/lib/gcc/arm-none-eabi/14.1.0/../../../../arm-none-eabi/lib/thumb/v6-m/nofp/libg.a(libc_a-strlen-stub.o)
                0x10004140                strlen
 .text.__register_exitproc
                0x1000419c       0xa8 /usr/lib/gcc/arm-none-eabi/14.1.0/../../../../arm-none-eabi/lib/thumb/v6-m/nofp/libg.a(libc_a-__atexit.o)
                0x1000419c                __register_exitproc
 .text.startup.register_fini
                0x10004244       0x18 /usr/lib/gcc/arm-none-eabi/14.1.0/../../../../arm-none-eabi/lib/thumb/v6-m/nofp/libg.a(libc_a-__call_atexit.o)
 .text._malloc_trim_r
                0x1000425c       0xb4 /usr/lib/gcc/arm-none-eabi/14.1.0/../../../../arm-none-eabi/lib/thumb/v6-m/nofp/libg.a(libc_a-freer.o)
                0x1000425c                _malloc_trim_r
 .text._free_r  0x10004310      0x1f0 /usr/lib/gcc/arm-none-eabi/14.1.0/../../../../arm-none-eabi/lib/thumb/v6-m/nofp/libg.a(libc_a-freer.o)
                0x10004310                _free_r
 .text._fclose_r
                0x10004500       0xcc /usr/lib/gcc/arm-none-eabi/14.1.0/../../../../arm-none-eabi/lib/thumb/v6-m/nofp/libg.a(libc_a-fclose.o)
                0x10004500                _fclose_r
 *(.fini)
 .fini          0x100045cc        0x4 /usr/lib/gcc/arm-none-eabi/14.1.0/thumb/v6-m/nofp/crti.o
                0x100045cc                _fini
 .fini.__stub   0x100045d0       0x50 linker stubs
 *crtbegin.o(.ctors)
 *crtbegin?.o(.ctors)
 *(EXCLUDE_FILE(*crtend.o *crtend?.o) .ctors)
 *(SORT_BY_NAME(.ctors.*))
 *(.ctors)
 *crtbegin.o(.dtors)
 *crtbegin?.o(.dtors)
 *(EXCLUDE_FILE(*crtend.o *crtend?.o) .dtors)
 *(SORT_BY_NAME(.dtors.*))
 *(.dtors)
                0x10004620                        . = ALIGN (0x4)
                0x10004620                        PROVIDE (__preinit_array_start = .)
 *(SORT_BY_NAME(.preinit_array.*))
 .preinit_array.00100
                0x10004620        0x4 CMakeFiles/picocalc_helloworld.dir/home/menadue/pico/pico-sdk/src/rp2_common/pico_runtime_init/runtime_init.c.o
                0x10004620                __pre_init_runtime_init_early_resets
 .preinit_array.00101
                0x10004624        0x4 CMakeFiles/picocalc_helloworld.dir/home/menadue/pico/pico-sdk/src/rp2_common/pico_runtime_init/runtime_init.c.o
                0x10004624                __pre_init_runtime_init_usb_power_down
 .preinit_array.00275
                0x10004628        0x4 CMakeFiles/picocalc_helloworld.dir/home/menadue/pico/pico-sdk/src/rp2_common/pico_bit_ops/bit_ops_aeabi.S.o
 .preinit_array.00300
                0x1000462c        0x4 CMakeFiles/picocalc_helloworld.dir/home/menadue/pico/pico-sdk/src/rp2_common/pico_mem_ops/mem_ops_aeabi.S.o
 .preinit_array.00350
                0x10004630        0x4 CMakeFiles/picocalc_helloworld.dir/home/menadue/pico/pico-sdk/src/rp2_common/pico_double/double_aeabi_rp2040.S.o
 .preinit_array.00350
                0x10004634        0x4 CMakeFiles/picocalc_helloworld.dir/home/menadue/pico/pico-sdk/src/rp2_common/pico_float/float_aeabi_rp2040.S.o
 .preinit_array.00500
                0x10004638        0x4 CMakeFiles/picocalc_helloworld.dir/home/menadue/pico/pico-sdk/src/rp2_common/pico_runtime_init/runtime_init.c.o
                0x10004638                __pre_init_runtime_init_clocks
 .preinit_array.00600
                0x1000463c        0x4 CMakeFiles/picocalc_helloworld.dir/home/menadue/pico/pico-sdk/src/rp2_common/pico_runtime_init/runtime_init.c.o
                0x1000463c                __pre_init_runtime_init_post_clock_resets
 .preinit_array.00700
                0x10004640        0x4 CMakeFiles/picocalc_helloworld.dir/home/menadue/pico/pico-sdk/src/rp2_common/pico_runtime_init/runtime_init.c.o
                0x10004640                __pre_init_runtime_init_rp2040_gpio_ie_disable
 .preinit_array.01000
                0x10004644        0x4 CMakeFiles/picocalc_helloworld.dir/home/menadue/pico/pico-sdk/src/rp2_common/pico_runtime_init/runtime_init.c.o
                0x10004644                __pre_init_runtime_init_spin_locks_reset
 .preinit_array.01100
                0x10004648        0x4 CMakeFiles/picocalc_helloworld.dir/home/menadue/pico/pico-sdk/src/common/pico_sync/mutex.c.o
                0x10004648                __pre_init_runtime_init_mutex
 .preinit_array.10080
                0x1000464c        0x4 CMakeFiles/picocalc_helloworld.dir/home/menadue/pico/pico-sdk/src/rp2_common/pico_runtime_init/runtime_init.c.o
                0x1000464c                __pre_init_runtime_init_install_ram_vector_table
 .preinit_array.11000
                0x10004650        0x4 CMakeFiles/picocalc_helloworld.dir/home/menadue/pico/pico-sdk/src/common/pico_time/time.c.o
                0x10004650                __pre_init_runtime_init_default_alarm_pool
 .preinit_array.YYYYY
                0x10004654        0x4 CMakeFiles/picocalc_helloworld.dir/home/menadue/pico/pico-sdk/src/rp2_common/pico_runtime/runtime.c.o
                0x10004654                __pre_init_first_per_core_initializer
 .preinit_array.ZZZZZ.01200
                0x10004658        0x4 CMakeFiles/picocalc_helloworld.dir/home/menadue/pico/pico-sdk/src/rp2_common/hardware_irq/irq.c.o
                0x10004658                __pre_init_runtime_init_per_core_irq_priorities
 *(.preinit_array)
                0x1000465c                        PROVIDE (__preinit_array_end = .)
                0x1000465c                        . = ALIGN (0x4)
                0x1000465c                        PROVIDE (__init_array_start = .)
 *(SORT_BY_NAME(.init_array.*))
 .init_array.00000
                0x1000465c        0x4 /usr/lib/gcc/arm-none-eabi/14.1.0/../../../../arm-none-eabi/lib/thumb/v6-m/nofp/libg.a(libc_a-__call_atexit.o)
 *(.init_array)
 .init_array    0x10004660        0x4 /usr/lib/gcc/arm-none-eabi/14.1.0/thumb/v6-m/nofp/crtbegin.o
                0x10004664                        PROVIDE (__init_array_end = .)
                0x10004664                        . = ALIGN (0x4)
                0x10004664                        PROVIDE (__fini_array_start = .)
 *(SORT_BY_NAME(.fini_array.*))
 *(.fini_array)
                0x10004664                        PROVIDE (__fini_array_end = .)
 *(.eh_frame*)
 .eh_frame      0x10004664        0x0 /usr/lib/gcc/arm-none-eabi/14.1.0/thumb/v6-m/nofp/crtbegin.o
                0x10004664                        . = ALIGN (0x4)

.glue_7         0x10004664        0x0
 .glue_7        0x10004664        0x0 linker stubs

.glue_7t        0x10004664        0x0
 .glue_7t       0x10004664        0x0 linker stubs

.vfp11_veneer   0x10004664        0x0
 .vfp11_veneer  0x10004664        0x0 linker stubs

.v4_bx          0x10004664        0x0
 .v4_bx         0x10004664        0x0 linker stubs

.iplt           0x10004664        0x0
 .iplt          0x10004664        0x0 /usr/lib/gcc/arm-none-eabi/14.1.0/thumb/v6-m/nofp/crtbegin.o

.rodata         0x10004668      0xcec
 *(EXCLUDE_FILE(*libm.a: *libc.a:*lib_a-mem*.o *libgcc.a:) .rodata*)
 .rodata.main.str1.4
                0x10004668       0xe8 CMakeFiles/picocalc_helloworld.dir/main.c.o
                                  0xc (size before relaxing)
 .rodata.panic.str1.4
                0x10004750       0x12 CMakeFiles/picocalc_helloworld.dir/home/menadue/pico/pico-sdk/src/rp2_common/pico_platform_panic/panic.c.o
 .rodata.at_the_end_of_time
                0x10004750        0x8 CMakeFiles/picocalc_helloworld.dir/home/menadue/pico/pico-sdk/src/common/pico_time/time.c.o
                0x10004750                at_the_end_of_time
 .rodata.timer_hardware_alarm_claim.str1.4
                0x10004758       0x22 CMakeFiles/picocalc_helloworld.dir/home/menadue/pico/pico-sdk/src/rp2_common/hardware_timer/timer.c.o
 .rodata.hard_assertion_failure.str1.4
                0x10004758        0xc CMakeFiles/picocalc_helloworld.dir/home/menadue/pico/pico-sdk/src/rp2_common/pico_runtime/runtime.c.o
 .rodata.str1.4
                0x10004758       0x48 CMakeFiles/picocalc_helloworld.dir/home/menadue/pico/pico-sdk/src/rp2_common/pico_standard_binary_info/standard_binary_info.c.o
 .rodata.__bi_84
                0x10004758        0xc CMakeFiles/picocalc_helloworld.dir/home/menadue/pico/pico-sdk/src/rp2_common/pico_standard_binary_info/standard_binary_info.c.o
 .rodata.__bi_78
                0x10004764        0xc CMakeFiles/picocalc_helloworld.dir/home/menadue/pico/pico-sdk/src/rp2_common/pico_standard_binary_info/standard_binary_info.c.o
 .rodata.__bi_54
                0x10004770        0xc CMakeFiles/picocalc_helloworld.dir/home/menadue/pico/pico-sdk/src/rp2_common/pico_standard_binary_info/standard_binary_info.c.o
 .rodata.__bi_48
                0x1000477c        0xc CMakeFiles/picocalc_helloworld.dir/home/menadue/pico/pico-sdk/src/rp2_common/pico_standard_binary_info/standard_binary_info.c.o
 .rodata.__bi_42
                0x10004788        0xc CMakeFiles/picocalc_helloworld.dir/home/menadue/pico/pico-sdk/src/rp2_common/pico_standard_binary_info/standard_binary_info.c.o
 .rodata.__bi_34
                0x10004794        0xc CMakeFiles/picocalc_helloworld.dir/home/menadue/pico/pico-sdk/src/rp2_common/pico_standard_binary_info/standard_binary_info.c.o
 .rodata.__bi_26
                0x100047a0        0xc CMakeFiles/picocalc_helloworld.dir/home/menadue/pico/pico-sdk/src/rp2_common/pico_standard_binary_info/standard_binary_info.c.o
 .rodata.crlf_str.0
                0x100047ac        0x2 CMakeFiles/picocalc_helloworld.dir/home/menadue/pico/pico-sdk/src/rp2_common/pico_stdio/stdio.c.o
 .rodata.str1.4
                0x100047ae       0x2c CMakeFiles/picocalc_helloworld.dir/home/menadue/pico/pico-sdk/src/rp2_common/pico_stdio_uart/stdio_uart.c.o
 *fill*         0x100047ae        0x2 
 .rodata.__bi_45.4
                0x100047b0        0xc CMakeFiles/picocalc_helloworld.dir/home/menadue/pico/pico-sdk/src/rp2_common/pico_stdio_uart/stdio_uart.c.o
 .rodata.__bi_49.5
                0x100047bc        0x8 CMakeFiles/picocalc_helloworld.dir/home/menadue/pico/pico-sdk/src/rp2_common/pico_stdio_uart/stdio_uart.c.o
 .rodata.__bi_50.6
                0x100047c4        0x8 CMakeFiles/picocalc_helloworld.dir/home/menadue/pico/pico-sdk/src/rp2_common/pico_stdio_uart/stdio_uart.c.o
 .rodata.read_i2c_kbd.str1.4
                0x100047cc       0x24 CMakeFiles/picocalc_helloworld.dir/i2ckbd/i2ckbd.c.o
 .rodata.font1  0x100047cc      0xa84 CMakeFiles/picocalc_helloworld.dir/lcdspi/lcdspi.c.o
                0x100047cc                font1
 .rodata._ctype_
                0x10005250      0x101 /usr/lib/gcc/arm-none-eabi/14.1.0/../../../../arm-none-eabi/lib/thumb/v6-m/nofp/libg.a(libc_a-ctype_.o)
                0x10005250                _ctype_
                0x10005354                        . = ALIGN (0x4)
 *fill*         0x10005351        0x3 
 *(SORT_BY_ALIGNMENT(SORT_BY_NAME(.flashdata*)))
                0x10005354                        . = ALIGN (0x4)

.ARM.extab
 *(.ARM.extab* .gnu.linkonce.armextab.*)
                0x10005354                        __exidx_start = .

.ARM.exidx
 *(.ARM.exidx* .gnu.linkonce.armexidx.*)
                0x10005354                        __exidx_end = .
                0x10005354                        . = ALIGN (0x4)
                0x10005354                        __binary_info_start = .

.binary_info    0x10005354       0x28
 *(.binary_info.keep.*)
 .binary_info.keep.__bi_ptr84
                0x10005354        0x4 CMakeFiles/picocalc_helloworld.dir/home/menadue/pico/pico-sdk/src/rp2_common/pico_standard_binary_info/standard_binary_info.c.o
 .binary_info.keep.__bi_ptr78
                0x10005358        0x4 CMakeFiles/picocalc_helloworld.dir/home/menadue/pico/pico-sdk/src/rp2_common/pico_standard_binary_info/standard_binary_info.c.o
 .binary_info.keep.__bi_ptr54
                0x1000535c        0x4 CMakeFiles/picocalc_helloworld.dir/home/menadue/pico/pico-sdk/src/rp2_common/pico_standard_binary_info/standard_binary_info.c.o
 .binary_info.keep.__bi_ptr48
                0x10005360        0x4 CMakeFiles/picocalc_helloworld.dir/home/menadue/pico/pico-sdk/src/rp2_common/pico_standard_binary_info/standard_binary_info.c.o
 .binary_info.keep.__bi_ptr42
                0x10005364        0x4 CMakeFiles/picocalc_helloworld.dir/home/menadue/pico/pico-sdk/src/rp2_common/pico_standard_binary_info/standard_binary_info.c.o
 .binary_info.keep.__bi_ptr34
                0x10005368        0x4 CMakeFiles/picocalc_helloworld.dir/home/menadue/pico/pico-sdk/src/rp2_common/pico_standard_binary_info/standard_binary_info.c.o
 .binary_info.keep.__bi_ptr26
                0x1000536c        0x4 CMakeFiles/picocalc_helloworld.dir/home/menadue/pico/pico-sdk/src/rp2_common/pico_standard_binary_info/standard_binary_info.c.o
 *(.binary_info.*)
 .binary_info.__bi_ptr50
                0x10005370        0x4 CMakeFiles/picocalc_helloworld.dir/home/menadue/pico/pico-sdk/src/rp2_common/pico_stdio_uart/stdio_uart.c.o
 .binary_info.__bi_ptr49
                0x10005374        0x4 CMakeFiles/picocalc_helloworld.dir/home/menadue/pico/pico-sdk/src/rp2_common/pico_stdio_uart/stdio_uart.c.o
 .binary_info.__bi_ptr45
                0x10005378        0x4 CMakeFiles/picocalc_helloworld.dir/home/menadue/pico/pico-sdk/src/rp2_common/pico_stdio_uart/stdio_uart.c.o
                0x1000537c                        __binary_info_end = .

.rel.dyn        0x1000537c        0x0
 .rel.iplt      0x1000537c        0x0 /usr/lib/gcc/arm-none-eabi/14.1.0/thumb/v6-m/nofp/crtbegin.o
                0x1000537c                        . = ALIGN (0x4)

.ram_vector_table
                0x20000000       0xc0
 *(.ram_vector_table)
 .ram_vector_table
                0x20000000       0xc0 CMakeFiles/picocalc_helloworld.dir/home/menadue/pico/pico-sdk/src/rp2_common/pico_runtime_init/runtime_init.c.o
                0x20000000                ram_vector_table

.uninitialized_data
                0x200000c0        0x0
                0x200000c0                        . = ALIGN (0x4)
 *(.uninitialized_data*)

.data           0x200000c0      0x7f4 load address 0x1000537c
                0x200000c0                        __data_start__ = .
 *(vtable)
 *(.time_critical*)
 .time_critical.mutex_try_enter_block_until
                0x200000c0       0x98 CMakeFiles/picocalc_helloworld.dir/home/menadue/pico/pico-sdk/src/common/pico_sync/mutex.c.o
                0x200000c0                mutex_try_enter_block_until
 .time_critical.mutex_exit
                0x20000158       0x28 CMakeFiles/picocalc_helloworld.dir/home/menadue/pico/pico-sdk/src/common/pico_sync/mutex.c.o
                0x20000158                mutex_exit
 .time_critical.spi_write_blocking
                0x20000180       0x4c CMakeFiles/picocalc_helloworld.dir/home/menadue/pico/pico-sdk/src/rp2_common/hardware_spi/spi.c.o
                0x20000180                spi_write_blocking
 .time_critical.spi_read_blocking
                0x200001cc       0xa8 CMakeFiles/picocalc_helloworld.dir/home/menadue/pico/pico-sdk/src/rp2_common/hardware_spi/spi.c.o
                0x200001cc                spi_read_blocking
 *(.text*)
 .text          0x20000274        0x4 /usr/lib/gcc/arm-none-eabi/14.1.0/thumb/v6-m/nofp/libgcc.a(_dvmd_tls.o)
                0x20000274                __aeabi_ldiv0
                0x20000274                __aeabi_idiv0
 .text.__stub   0x20000278       0x10 linker stubs
                0x20000288                        . = ALIGN (0x4)
 *(.rodata*)
                0x20000288                        . = ALIGN (0x4)
 *(.data*)
 .data.striped_spin_lock_num
                0x20000288        0x1 CMakeFiles/picocalc_helloworld.dir/home/menadue/pico/pico-sdk/src/rp2_common/hardware_sync/sync.c.o
 *fill*         0x20000289        0x3 
 .data          0x2000028c       0x48 CMakeFiles/picocalc_helloworld.dir/home/menadue/pico/pico-sdk/src/rp2_common/hardware_irq/irq_handler_chain.S.o
                0x2000028c                irq_handler_chain_slots
                0x200002bc                irq_handler_chain_first_slot
                0x200002c6                irq_handler_chain_remove_tail
 .data.default_alarm_pool
                0x200002d4       0x18 CMakeFiles/picocalc_helloworld.dir/home/menadue/pico/pico-sdk/src/common/pico_time/time.c.o
 *fill*         0x200002ec        0x4 
 .data.aeabi_bits_funcs
                0x200002f0       0x10 CMakeFiles/picocalc_helloworld.dir/home/menadue/pico/pico-sdk/src/rp2_common/pico_bit_ops/bit_ops_aeabi.S.o
                0x200002f0                aeabi_bits_funcs
                0x20000300                aeabi_bits_funcs_end
 .data.aeabi_mem_funcs
                0x20000300       0x10 CMakeFiles/picocalc_helloworld.dir/home/menadue/pico/pico-sdk/src/rp2_common/pico_mem_ops/mem_ops_aeabi.S.o
                0x20000300                aeabi_mem_funcs
                0x20000310                aeabi_mem_funcs_end
 .data.stdio_uart
                0x20000310       0x18 CMakeFiles/picocalc_helloworld.dir/home/menadue/pico/pico-sdk/src/rp2_common/pico_stdio_uart/stdio_uart.c.o
                0x20000310                stdio_uart
 .data.i2c1_inst
                0x20000328        0x8 CMakeFiles/picocalc_helloworld.dir/home/menadue/pico/pico-sdk/src/rp2_common/hardware_i2c/i2c.c.o
                0x20000328                i2c1_inst
 .data.i2c0_inst
                0x20000330        0x8 CMakeFiles/picocalc_helloworld.dir/home/menadue/pico/pico-sdk/src/rp2_common/hardware_i2c/i2c.c.o
                0x20000330                i2c0_inst
 .data.MainFont
                0x20000338        0x4 CMakeFiles/picocalc_helloworld.dir/lcdspi/lcdspi.c.o
                0x20000338                MainFont
 .data.__malloc_sbrk_base
                0x2000033c        0x4 /usr/lib/gcc/arm-none-eabi/14.1.0/../../../../arm-none-eabi/lib/thumb/v6-m/nofp/libg.a(libc_a-mallocr.o)
                0x2000033c                __malloc_sbrk_base
 .data.__malloc_trim_threshold
                0x20000340        0x4 /usr/lib/gcc/arm-none-eabi/14.1.0/../../../../arm-none-eabi/lib/thumb/v6-m/nofp/libg.a(libc_a-mallocr.o)
                0x20000340                __malloc_trim_threshold
 *fill*         0x20000344        0x4 
 .data.__malloc_av_
                0x20000348      0x408 /usr/lib/gcc/arm-none-eabi/14.1.0/../../../../arm-none-eabi/lib/thumb/v6-m/nofp/libg.a(libc_a-mallocr.o)
                0x20000348                __malloc_av_
 .data.__sglue  0x20000750        0xc /usr/lib/gcc/arm-none-eabi/14.1.0/../../../../arm-none-eabi/lib/thumb/v6-m/nofp/libg.a(libc_a-findfp.o)
                0x20000750                __sglue
 .data._impure_ptr
                0x2000075c        0x4 /usr/lib/gcc/arm-none-eabi/14.1.0/../../../../arm-none-eabi/lib/thumb/v6-m/nofp/libg.a(libc_a-impure.o)
                0x2000075c                _impure_ptr
 .data._impure_data
                0x20000760      0x140 /usr/lib/gcc/arm-none-eabi/14.1.0/../../../../arm-none-eabi/lib/thumb/v6-m/nofp/libg.a(libc_a-impure.o)
                0x20000760                _impure_data
 .data.__atexit_recursive_mutex
                0x200008a0        0x4 /usr/lib/gcc/arm-none-eabi/14.1.0/../../../../arm-none-eabi/lib/thumb/v6-m/nofp/libg.a(libc_a-__call_atexit.o)
                0x200008a0                __atexit_recursive_mutex
                0x200008a4                        . = ALIGN (0x4)
 *(.after_data.*)
                0x200008a4                        . = ALIGN (0x4)
                0x200008a4                        PROVIDE (__mutex_array_start = .)
 *(SORT_BY_NAME(.mutex_array.*))
 *(.mutex_array)
 .mutex_array   0x200008a4        0x8 CMakeFiles/picocalc_helloworld.dir/home/menadue/pico/pico-sdk/src/rp2_common/pico_malloc/malloc.c.o
 .mutex_array   0x200008ac        0x8 CMakeFiles/picocalc_helloworld.dir/home/menadue/pico/pico-sdk/src/rp2_common/pico_stdio/stdio.c.o
                0x200008b4                        PROVIDE (__mutex_array_end = .)
                0x200008b4                        . = ALIGN (0x4)
 *(.jcr)
                0x200008b4                        . = ALIGN (0x4)

.tm_clone_table
                0x200008b4        0x0 load address 0x10005b70
 .tm_clone_table
                0x200008b4        0x0 /usr/lib/gcc/arm-none-eabi/14.1.0/thumb/v6-m/nofp/crtbegin.o
 .tm_clone_table
                0x200008b4        0x0 /usr/lib/gcc/arm-none-eabi/14.1.0/thumb/v6-m/nofp/crtend.o

.igot.plt       0x200008b4        0x0 load address 0x10005b70
 .igot.plt      0x200008b4        0x0 /usr/lib/gcc/arm-none-eabi/14.1.0/thumb/v6-m/nofp/crtbegin.o

.tdata          0x200008b4        0x0 load address 0x10005b70
                0x200008b4                        . = ALIGN (0x4)
 *(.tdata .tdata.* .gnu.linkonce.td.*)
                0x200008b4                        __tdata_end = .
                0x200008b4                        PROVIDE (__data_end__ = .)
                0x1000537c                        __etext = LOADADDR (.data)

.tbss           0x200008b4        0x0 load address 0x10005b70
                0x200008b4                        . = ALIGN (0x4)
                0x200008b4                        __bss_start__ = .
                0x200008b4                        __tls_base = .
 *(.tbss .tbss.* .gnu.linkonce.tb.*)
 *(.tcommon)
                0x200008b4                        __tls_end = .

.bss            0x200008b8      0xeac load address 0x10005b70
                0x200008b8                        . = ALIGN (0x4)
                0x200008b8                        __tbss_end = .
 *(SORT_BY_ALIGNMENT(SORT_BY_NAME(.bss*)))
 .bss.default_alarm_pool_entries
                0x200008b8      0x180 CMakeFiles/picocalc_helloworld.dir/home/menadue/pico/pico-sdk/src/common/pico_time/time.c.o
 .bss.lcd_buffer
                0x20000a38      0x3c0 CMakeFiles/picocalc_helloworld.dir/lcdspi/lcdspi.c.o
                0x20000a38                lcd_buffer
 .bss.sd_table  0x20000df8      0x100 CMakeFiles/picocalc_helloworld.dir/home/menadue/pico/pico-sdk/src/rp2_common/pico_double/double_init_rom_rp2040.c.o
                0x20000df8                sd_table
 .bss.sf_table  0x20000ef8      0x100 CMakeFiles/picocalc_helloworld.dir/home/menadue/pico/pico-sdk/src/rp2_common/pico_float/float_init_rom_rp2040.c.o
                0x20000ef8                sf_table
 .bss           0x20000ff8       0x1c /usr/lib/gcc/arm-none-eabi/14.1.0/thumb/v6-m/nofp/crtbegin.o
 .bss.__atexit  0x20001014        0x4 /usr/lib/gcc/arm-none-eabi/14.1.0/../../../../arm-none-eabi/lib/thumb/v6-m/nofp/libg.a(libc_a-__call_atexit.o)
                0x20001014                __atexit
 .bss.__atexit0
                0x20001018      0x190 /usr/lib/gcc/arm-none-eabi/14.1.0/../../../../arm-none-eabi/lib/thumb/v6-m/nofp/libg.a(libc_a-__atexit.o)
                0x20001018                __atexit0
 .bss.__lock___atexit_recursive_mutex
                0x200011a8        0x1 /usr/lib/gcc/arm-none-eabi/14.1.0/../../../../arm-none-eabi/lib/thumb/v6-m/nofp/libg.a(libc_a-lock.o)
                0x200011a8                __lock___atexit_recursive_mutex
 *fill*         0x200011a9        0x3 
 .bss.__lock___malloc_recursive_mutex
                0x200011ac        0x1 /usr/lib/gcc/arm-none-eabi/14.1.0/../../../../arm-none-eabi/lib/thumb/v6-m/nofp/libg.a(libc_a-lock.o)
                0x200011ac                __lock___malloc_recursive_mutex
 *fill*         0x200011ad        0x3 
 .bss.__lock___sfp_recursive_mutex
                0x200011b0        0x1 /usr/lib/gcc/arm-none-eabi/14.1.0/../../../../arm-none-eabi/lib/thumb/v6-m/nofp/libg.a(libc_a-lock.o)
                0x200011b0                __lock___sfp_recursive_mutex
 *fill*         0x200011b1        0x3 
 .bss.__malloc_current_mallinfo
                0x200011b4       0x28 /usr/lib/gcc/arm-none-eabi/14.1.0/../../../../arm-none-eabi/lib/thumb/v6-m/nofp/libg.a(libc_a-mallocr.o)
                0x200011b4                __malloc_current_mallinfo
 .bss.__malloc_top_pad
                0x200011dc        0x4 /usr/lib/gcc/arm-none-eabi/14.1.0/../../../../arm-none-eabi/lib/thumb/v6-m/nofp/libg.a(libc_a-mallocr.o)
                0x200011dc                __malloc_top_pad
 .bss.__sf      0x200011e0      0x138 /usr/lib/gcc/arm-none-eabi/14.1.0/../../../../arm-none-eabi/lib/thumb/v6-m/nofp/libg.a(libc_a-findfp.o)
                0x200011e0                __sf
 .bss.__stdio_exit_handler
                0x20001318        0x4 /usr/lib/gcc/arm-none-eabi/14.1.0/../../../../arm-none-eabi/lib/thumb/v6-m/nofp/libg.a(libc_a-findfp.o)
                0x20001318                __stdio_exit_handler
 .bss.chars_available_callback
                0x2000131c        0x4 CMakeFiles/picocalc_helloworld.dir/home/menadue/pico/pico-sdk/src/rp2_common/pico_stdio_uart/stdio_uart.c.o
 .bss.chars_available_param
                0x20001320        0x4 CMakeFiles/picocalc_helloworld.dir/home/menadue/pico/pico-sdk/src/rp2_common/pico_stdio_uart/stdio_uart.c.o
 .bss.claimed   0x20001324        0x1 CMakeFiles/picocalc_helloworld.dir/home/menadue/pico/pico-sdk/src/rp2_common/hardware_timer/timer.c.o
 *fill*         0x20001325        0x3 
 .bss.configured_freq
                0x20001328       0x28 CMakeFiles/picocalc_helloworld.dir/home/menadue/pico/pico-sdk/src/rp2_common/hardware_clocks/clocks.c.o
 .bss.ctrlheld.0
                0x20001350        0x4 CMakeFiles/picocalc_helloworld.dir/i2ckbd/i2ckbd.c.o
 .bss.drivers   0x20001354        0x4 CMakeFiles/picocalc_helloworld.dir/home/menadue/pico/pico-sdk/src/rp2_common/pico_stdio/stdio.c.o
 .bss.errno     0x20001358        0x4 /usr/lib/gcc/arm-none-eabi/14.1.0/../../../../arm-none-eabi/lib/thumb/v6-m/nofp/libg.a(libc_a-reent.o)
                0x20001358                errno
 .bss.filter    0x2000135c        0x4 CMakeFiles/picocalc_helloworld.dir/home/menadue/pico/pico-sdk/src/rp2_common/pico_stdio/stdio.c.o
 .bss.gui_bcolour
                0x20001360        0x4 CMakeFiles/picocalc_helloworld.dir/lcdspi/lcdspi.c.o
 .bss.gui_fcolour
                0x20001364        0x4 CMakeFiles/picocalc_helloworld.dir/lcdspi/lcdspi.c.o
 .bss.heap_end.0
                0x20001368        0x4 CMakeFiles/picocalc_helloworld.dir/home/menadue/pico/pico-sdk/src/rp2_common/pico_clib_interface/newlib_interface.c.o
 .bss.lazy_vsnprintf
                0x2000136c        0x4 CMakeFiles/picocalc_helloworld.dir/home/menadue/pico/pico-sdk/src/rp2_common/pico_printf/printf.c.o
 .bss.lcd_char_pos
                0x20001370        0x4 CMakeFiles/picocalc_helloworld.dir/lcdspi/lcdspi.c.o
                0x20001370                lcd_char_pos
 .bss.pools     0x20001374       0x10 CMakeFiles/picocalc_helloworld.dir/home/menadue/pico/pico-sdk/src/common/pico_time/time.c.o
 .bss.scrollbuff
                0x20001384      0x3c0 CMakeFiles/picocalc_helloworld.dir/lcdspi/lcdspi.c.o
                0x20001384                scrollbuff
 .bss.sf_clz_func
                0x20001744        0x4 CMakeFiles/picocalc_helloworld.dir/home/menadue/pico/pico-sdk/src/rp2_common/pico_double/double_init_rom_rp2040.c.o
                0x20001744                sf_clz_func
 .bss.sleep_notifier
                0x20001748        0x4 CMakeFiles/picocalc_helloworld.dir/home/menadue/pico/pico-sdk/src/common/pico_time/time.c.o
 .bss.uart_char_to_line_feed
                0x2000174c        0x4 CMakeFiles/picocalc_helloworld.dir/home/menadue/pico/pico-sdk/src/rp2_common/hardware_uart/uart.c.o
                0x2000174c                uart_char_to_line_feed
 .bss.uart_instance
                0x20001750        0x4 CMakeFiles/picocalc_helloworld.dir/home/menadue/pico/pico-sdk/src/rp2_common/pico_stdio_uart/stdio_uart.c.o
 .bss.current_x
                0x20001754        0x2 CMakeFiles/picocalc_helloworld.dir/lcdspi/lcdspi.c.o
 .bss.current_y
                0x20001756        0x2 CMakeFiles/picocalc_helloworld.dir/lcdspi/lcdspi.c.o
 .bss.gui_font_height
                0x20001758        0x2 CMakeFiles/picocalc_helloworld.dir/lcdspi/lcdspi.c.o
 .bss.gui_font_width
                0x2000175a        0x2 CMakeFiles/picocalc_helloworld.dir/lcdspi/lcdspi.c.o
 .bss.hres      0x2000175c        0x2 CMakeFiles/picocalc_helloworld.dir/lcdspi/lcdspi.c.o
 .bss.vres      0x2000175e        0x2 CMakeFiles/picocalc_helloworld.dir/lcdspi/lcdspi.c.o
 .bss.i2c_inited
                0x20001760        0x1 CMakeFiles/picocalc_helloworld.dir/i2ckbd/i2ckbd.c.o
 .bss.irq_handler_chain_free_slot_head
                0x20001761        0x1 CMakeFiles/picocalc_helloworld.dir/home/menadue/pico/pico-sdk/src/rp2_common/hardware_irq/irq.c.o
 .bss.s_width   0x20001762        0x1 CMakeFiles/picocalc_helloworld.dir/lcdspi/lcdspi.c.o
 *(COMMON)
                0x20001764                        . = ALIGN (0x4)
 *fill*         0x20001763        0x1 
                0x20001764                        __bss_end__ = .

.heap           0x20001764      0x800 load address 0x10005b70
                0x20001764                        __end__ = .
                0x20001764                        end = __end__
 *(.heap*)
 .heap          0x20001764      0x800 CMakeFiles/picocalc_helloworld.dir/home/menadue/pico/pico-sdk/src/rp2_common/pico_crt0/crt0.S.o
                0x20040000                        __HeapLimit = (ORIGIN (RAM) + LENGTH (RAM))

.scratch_x      0x20040000        0x0 load address 0x10005b70
                0x20040000                        __scratch_x_start__ = .
 *(.scratch_x.*)
                0x20040000                        . = ALIGN (0x4)
                0x20040000                        __scratch_x_end__ = .
                0x10005b70                        __scratch_x_source__ = LOADADDR (.scratch_x)

.scratch_y      0x20041000        0x0 load address 0x10005b70
                0x20041000                        __scratch_y_start__ = .
 *(.scratch_y.*)
                0x20041000                        . = ALIGN (0x4)
                0x20041000                        __scratch_y_end__ = .
                0x10005b70                        __scratch_y_source__ = LOADADDR (.scratch_y)

.stack1_dummy   0x20040000      0x800
 *(.stack1*)
 .stack1        0x20040000      0x800 CMakeFiles/picocalc_helloworld.dir/home/menadue/pico/pico-sdk/src/rp2_common/pico_multicore/multicore.c.o

.stack_dummy    0x20041000      0x800
 *(.stack*)
 .stack         0x20041000      0x800 CMakeFiles/picocalc_helloworld.dir/home/menadue/pico/pico-sdk/src/rp2_common/pico_crt0/crt0.S.o

.flash_end      0x10005b70        0x0
 *(.embedded_end_block*)
                0x10005b70                        PROVIDE (__flash_binary_end = .)
                0x20040000                        __StackLimit = (ORIGIN (RAM) + LENGTH (RAM))
                0x20041000                        __StackOneTop = (ORIGIN (SCRATCH_X) + LENGTH (SCRATCH_X))
                0x20042000                        __StackTop = (ORIGIN (SCRATCH_Y) + LENGTH (SCRATCH_Y))
                0x20040800                        __StackOneBottom = (__StackOneTop - SIZEOF (.stack1_dummy))
                0x20041800                        __StackBottom = (__StackTop - SIZEOF (.stack_dummy))
                0x20042000                        PROVIDE (__stack = __StackTop)
                [!provide]                        PROVIDE (__heap_start = __end__)
                [!provide]                        PROVIDE (__heap_end = __HeapLimit)
                [!provide]                        PROVIDE (__tls_align = MAX (ALIGNOF (.tdata), ALIGNOF (.tbss)))
                [!provide]                        PROVIDE (__tls_size_align = (((__tls_size + __tls_align) - 0x1) & ~ ((__tls_align - 0x1))))
                [!provide]                        PROVIDE (__arm32_tls_tcb_offset = MAX (0x8, __tls_align))
                [!provide]                        PROVIDE (_end = __end__)
                [!provide]                        PROVIDE (__llvm_libc_heap_limit = __HeapLimit)
                0x00000001                        ASSERT ((__StackLimit >= __HeapLimit), region RAM overflowed)
                0x00000001                        ASSERT (((__binary_info_header_end - __logical_binary_start) <= 0x100), Binary info must be in first 256 bytes of the binary)
LOAD CMakeFiles/picocalc_helloworld.dir/main.c.o
LOAD CMakeFiles/picocalc_helloworld.dir/home/menadue/pico/pico-sdk/src/rp2_common/pico_stdlib/stdlib.c.o
LOAD CMakeFiles/picocalc_helloworld.dir/home/menadue/pico/pico-sdk/src/rp2_common/hardware_gpio/gpio.c.o
LOAD CMakeFiles/picocalc_helloworld.dir/home/menadue/pico/pico-sdk/src/rp2040/pico_platform/platform.c.o
LOAD CMakeFiles/picocalc_helloworld.dir/home/menadue/pico/pico-sdk/src/rp2_common/pico_platform_panic/panic.c.o
LOAD CMakeFiles/picocalc_helloworld.dir/home/menadue/pico/pico-sdk/src/common/hardware_claim/claim.c.o
LOAD CMakeFiles/picocalc_helloworld.dir/home/menadue/pico/pico-sdk/src/rp2_common/hardware_sync/sync.c.o
LOAD CMakeFiles/picocalc_helloworld.dir/home/menadue/pico/pico-sdk/src/rp2_common/hardware_sync_spin_lock/sync_spin_lock.c.o
LOAD CMakeFiles/picocalc_helloworld.dir/home/menadue/pico/pico-sdk/src/rp2_common/hardware_irq/irq.c.o
LOAD CMakeFiles/picocalc_helloworld.dir/home/menadue/pico/pico-sdk/src/rp2_common/hardware_irq/irq_handler_chain.S.o
LOAD CMakeFiles/picocalc_helloworld.dir/home/menadue/pico/pico-sdk/src/common/pico_sync/sem.c.o
LOAD CMakeFiles/picocalc_helloworld.dir/home/menadue/pico/pico-sdk/src/common/pico_sync/lock_core.c.o
LOAD CMakeFiles/picocalc_helloworld.dir/home/menadue/pico/pico-sdk/src/common/pico_sync/mutex.c.o
LOAD CMakeFiles/picocalc_helloworld.dir/home/menadue/pico/pico-sdk/src/common/pico_sync/critical_section.c.o
LOAD CMakeFiles/picocalc_helloworld.dir/home/menadue/pico/pico-sdk/src/common/pico_time/time.c.o
LOAD CMakeFiles/picocalc_helloworld.dir/home/menadue/pico/pico-sdk/src/common/pico_time/timeout_helper.c.o
LOAD CMakeFiles/picocalc_helloworld.dir/home/menadue/pico/pico-sdk/src/rp2_common/hardware_timer/timer.c.o
LOAD CMakeFiles/picocalc_helloworld.dir/home/menadue/pico/pico-sdk/src/common/pico_util/datetime.c.o
LOAD CMakeFiles/picocalc_helloworld.dir/home/menadue/pico/pico-sdk/src/common/pico_util/pheap.c.o
LOAD CMakeFiles/picocalc_helloworld.dir/home/menadue/pico/pico-sdk/src/common/pico_util/queue.c.o
LOAD CMakeFiles/picocalc_helloworld.dir/home/menadue/pico/pico-sdk/src/rp2_common/hardware_uart/uart.c.o
LOAD CMakeFiles/picocalc_helloworld.dir/home/menadue/pico/pico-sdk/src/rp2_common/hardware_clocks/clocks.c.o
LOAD CMakeFiles/picocalc_helloworld.dir/home/menadue/pico/pico-sdk/src/rp2_common/hardware_pll/pll.c.o
LOAD CMakeFiles/picocalc_helloworld.dir/home/menadue/pico/pico-sdk/src/rp2_common/hardware_vreg/vreg.c.o
LOAD CMakeFiles/picocalc_helloworld.dir/home/menadue/pico/pico-sdk/src/rp2_common/hardware_watchdog/watchdog.c.o
LOAD CMakeFiles/picocalc_helloworld.dir/home/menadue/pico/pico-sdk/src/rp2_common/hardware_ticks/ticks.c.o
LOAD CMakeFiles/picocalc_helloworld.dir/home/menadue/pico/pico-sdk/src/rp2_common/pico_bootrom/bootrom.c.o
LOAD CMakeFiles/picocalc_helloworld.dir/home/menadue/pico/pico-sdk/src/rp2_common/pico_bootrom/bootrom_lock.c.o
LOAD CMakeFiles/picocalc_helloworld.dir/home/menadue/pico/pico-sdk/src/rp2_common/hardware_boot_lock/boot_lock.c.o
LOAD CMakeFiles/picocalc_helloworld.dir/home/menadue/pico/pico-sdk/src/rp2_common/pico_flash/flash.c.o
LOAD CMakeFiles/picocalc_helloworld.dir/home/menadue/pico/pico-sdk/src/rp2_common/hardware_xosc/xosc.c.o
LOAD CMakeFiles/picocalc_helloworld.dir/home/menadue/pico/pico-sdk/src/rp2_common/hardware_divider/divider.S.o
LOAD CMakeFiles/picocalc_helloworld.dir/home/menadue/pico/pico-sdk/src/rp2_common/pico_runtime/runtime.c.o
LOAD CMakeFiles/picocalc_helloworld.dir/home/menadue/pico/pico-sdk/src/rp2_common/pico_runtime_init/runtime_init.c.o
LOAD CMakeFiles/picocalc_helloworld.dir/home/menadue/pico/pico-sdk/src/rp2_common/pico_runtime_init/runtime_init_clocks.c.o
LOAD CMakeFiles/picocalc_helloworld.dir/home/menadue/pico/pico-sdk/src/rp2_common/pico_runtime_init/runtime_init_stack_guard.c.o
LOAD CMakeFiles/picocalc_helloworld.dir/home/menadue/pico/pico-sdk/src/rp2_common/pico_bit_ops/bit_ops_aeabi.S.o
LOAD CMakeFiles/picocalc_helloworld.dir/home/menadue/pico/pico-sdk/src/rp2_common/pico_divider/divider_hardware.S.o
LOAD CMakeFiles/picocalc_helloworld.dir/home/menadue/pico/pico-sdk/src/rp2_common/pico_double/double_aeabi_rp2040.S.o
LOAD CMakeFiles/picocalc_helloworld.dir/home/menadue/pico/pico-sdk/src/rp2_common/pico_double/double_init_rom_rp2040.c.o
LOAD CMakeFiles/picocalc_helloworld.dir/home/menadue/pico/pico-sdk/src/rp2_common/pico_double/double_math.c.o
LOAD CMakeFiles/picocalc_helloworld.dir/home/menadue/pico/pico-sdk/src/rp2_common/pico_double/double_v1_rom_shim_rp2040.S.o
LOAD CMakeFiles/picocalc_helloworld.dir/home/menadue/pico/pico-sdk/src/rp2_common/pico_int64_ops/pico_int64_ops_aeabi.S.o
LOAD CMakeFiles/picocalc_helloworld.dir/home/menadue/pico/pico-sdk/src/rp2_common/pico_float/float_aeabi_rp2040.S.o
LOAD CMakeFiles/picocalc_helloworld.dir/home/menadue/pico/pico-sdk/src/rp2_common/pico_float/float_init_rom_rp2040.c.o
LOAD CMakeFiles/picocalc_helloworld.dir/home/menadue/pico/pico-sdk/src/rp2_common/pico_float/float_math.c.o
LOAD CMakeFiles/picocalc_helloworld.dir/home/menadue/pico/pico-sdk/src/rp2_common/pico_float/float_v1_rom_shim_rp2040.S.o
LOAD CMakeFiles/picocalc_helloworld.dir/home/menadue/pico/pico-sdk/src/rp2_common/pico_malloc/malloc.c.o
LOAD CMakeFiles/picocalc_helloworld.dir/home/menadue/pico/pico-sdk/src/rp2_common/pico_mem_ops/mem_ops_aeabi.S.o
LOAD CMakeFiles/picocalc_helloworld.dir/home/menadue/pico/pico-sdk/src/rp2_common/pico_atomic/atomic.c.o
LOAD CMakeFiles/picocalc_helloworld.dir/home/menadue/pico/pico-sdk/src/rp2_common/pico_cxx_options/new_delete.cpp.o
LOAD CMakeFiles/picocalc_helloworld.dir/home/menadue/pico/pico-sdk/src/rp2_common/pico_standard_binary_info/standard_binary_info.c.o
LOAD CMakeFiles/picocalc_helloworld.dir/home/menadue/pico/pico-sdk/src/rp2_common/pico_printf/printf.c.o
LOAD CMakeFiles/picocalc_helloworld.dir/home/menadue/pico/pico-sdk/src/rp2_common/pico_crt0/crt0.S.o
LOAD CMakeFiles/picocalc_helloworld.dir/home/menadue/pico/pico-sdk/src/rp2_common/pico_clib_interface/newlib_interface.c.o
LOAD CMakeFiles/picocalc_helloworld.dir/home/menadue/pico/pico-sdk/src/rp2_common/pico_stdio/stdio.c.o
LOAD CMakeFiles/picocalc_helloworld.dir/home/menadue/pico/pico-sdk/src/rp2_common/pico_stdio_uart/stdio_uart.c.o
LOAD CMakeFiles/picocalc_helloworld.dir/home/menadue/pico/pico-sdk/src/rp2_common/hardware_flash/flash.c.o
LOAD CMakeFiles/picocalc_helloworld.dir/home/menadue/pico/pico-sdk/src/rp2_common/hardware_xip_cache/xip_cache.c.o
LOAD CMakeFiles/picocalc_helloworld.dir/home/menadue/pico/pico-sdk/src/rp2_common/hardware_adc/adc.c.o
LOAD CMakeFiles/picocalc_helloworld.dir/home/menadue/pico/pico-sdk/src/rp2_common/hardware_i2c/i2c.c.o
LOAD CMakeFiles/picocalc_helloworld.dir/home/menadue/pico/pico-sdk/src/rp2_common/hardware_spi/spi.c.o
LOAD CMakeFiles/picocalc_helloworld.dir/home/menadue/pico/pico-sdk/src/rp2_common/hardware_dma/dma.c.o
LOAD CMakeFiles/picocalc_helloworld.dir/home/menadue/pico/pico-sdk/src/rp2_common/hardware_exception/exception.c.o
LOAD CMakeFiles/picocalc_helloworld.dir/home/menadue/pico/pico-sdk/src/rp2_common/hardware_pio/pio.c.o
LOAD CMakeFiles/picocalc_helloworld.dir/home/menadue/pico/pico-sdk/src/rp2_common/pico_multicore/multicore.c.o
LOAD CMakeFiles/picocalc_helloworld.dir/i2ckbd/i2ckbd.c.o
LOAD CMakeFiles/picocalc_helloworld.dir/lcdspi/lcdspi.c.o
LOAD pico-sdk/src/rp2040/boot_stage2/CMakeFiles/bs2_default_library.dir/bs2_default_padded_checksummed.S.o
LOAD /usr/lib/gcc/arm-none-eabi/14.1.0/../../../../arm-none-eabi/lib/thumb/v6-m/nofp/libstdc++.a
LOAD /usr/lib/gcc/arm-none-eabi/14.1.0/../../../../arm-none-eabi/lib/thumb/v6-m/nofp/libm.a
START GROUP
LOAD /usr/lib/gcc/arm-none-eabi/14.1.0/thumb/v6-m/nofp/libgcc.a
LOAD /usr/lib/gcc/arm-none-eabi/14.1.0/../../../../arm-none-eabi/lib/thumb/v6-m/nofp/libg.a
LOAD /usr/lib/gcc/arm-none-eabi/14.1.0/../../../../arm-none-eabi/lib/thumb/v6-m/nofp/libc.a
END GROUP
START GROUP
LOAD /usr/lib/gcc/arm-none-eabi/14.1.0/thumb/v6-m/nofp/libgcc.a
LOAD /usr/lib/gcc/arm-none-eabi/14.1.0/../../../../arm-none-eabi/lib/thumb/v6-m/nofp/libc.a
LOAD /usr/lib/gcc/arm-none-eabi/14.1.0/../../../../arm-none-eabi/lib/thumb/v6-m/nofp/libnosys.a
END GROUP
LOAD /usr/lib/gcc/arm-none-eabi/14.1.0/thumb/v6-m/nofp/crtend.o
LOAD /usr/lib/gcc/arm-none-eabi/14.1.0/thumb/v6-m/nofp/crtn.o
OUTPUT(picocalc_helloworld.elf elf32-littlearm)
LOAD linker stubs

.ARM.attributes
                0x00000000       0x28
 .ARM.attributes
                0x00000000       0x1e /usr/lib/gcc/arm-none-eabi/14.1.0/thumb/v6-m/nofp/crti.o
 .ARM.attributes
                0x0000001e       0x2c /usr/lib/gcc/arm-none-eabi/14.1.0/thumb/v6-m/nofp/crtbegin.o
 .ARM.attributes
                0x0000004a       0x2c CMakeFiles/picocalc_helloworld.dir/main.c.o
 .ARM.attributes
                0x00000076       0x2c CMakeFiles/picocalc_helloworld.dir/home/menadue/pico/pico-sdk/src/rp2_common/hardware_gpio/gpio.c.o
 .ARM.attributes
                0x000000a2       0x2c CMakeFiles/picocalc_helloworld.dir/home/menadue/pico/pico-sdk/src/rp2_common/pico_platform_panic/panic.c.o
 .ARM.attributes
                0x000000ce       0x2c CMakeFiles/picocalc_helloworld.dir/home/menadue/pico/pico-sdk/src/common/hardware_claim/claim.c.o
 .ARM.attributes
                0x000000fa       0x2c CMakeFiles/picocalc_helloworld.dir/home/menadue/pico/pico-sdk/src/rp2_common/hardware_sync/sync.c.o
 .ARM.attributes
                0x00000126       0x2c CMakeFiles/picocalc_helloworld.dir/home/menadue/pico/pico-sdk/src/rp2_common/hardware_sync_spin_lock/sync_spin_lock.c.o
 .ARM.attributes
                0x00000152       0x2c CMakeFiles/picocalc_helloworld.dir/home/menadue/pico/pico-sdk/src/rp2_common/hardware_irq/irq.c.o
 .ARM.attributes
                0x0000017e       0x22 CMakeFiles/picocalc_helloworld.dir/home/menadue/pico/pico-sdk/src/rp2_common/hardware_irq/irq_handler_chain.S.o
 .ARM.attributes
                0x000001a0       0x2c CMakeFiles/picocalc_helloworld.dir/home/menadue/pico/pico-sdk/src/common/pico_sync/lock_core.c.o
 .ARM.attributes
                0x000001cc       0x2c CMakeFiles/picocalc_helloworld.dir/home/menadue/pico/pico-sdk/src/common/pico_sync/mutex.c.o
 .ARM.attributes
                0x000001f8       0x2c CMakeFiles/picocalc_helloworld.dir/home/menadue/pico/pico-sdk/src/common/pico_time/time.c.o
 .ARM.attributes
                0x00000224       0x2c CMakeFiles/picocalc_helloworld.dir/home/menadue/pico/pico-sdk/src/common/pico_time/timeout_helper.c.o
 .ARM.attributes
                0x00000250       0x2c CMakeFiles/picocalc_helloworld.dir/home/menadue/pico/pico-sdk/src/rp2_common/hardware_timer/timer.c.o
 .ARM.attributes
                0x0000027c       0x2c CMakeFiles/picocalc_helloworld.dir/home/menadue/pico/pico-sdk/src/rp2_common/hardware_uart/uart.c.o
 .ARM.attributes
                0x000002a8       0x2c CMakeFiles/picocalc_helloworld.dir/home/menadue/pico/pico-sdk/src/rp2_common/hardware_clocks/clocks.c.o
 .ARM.attributes
                0x000002d4       0x2c CMakeFiles/picocalc_helloworld.dir/home/menadue/pico/pico-sdk/src/rp2_common/hardware_pll/pll.c.o
 .ARM.attributes
                0x00000300       0x2c CMakeFiles/picocalc_helloworld.dir/home/menadue/pico/pico-sdk/src/rp2_common/hardware_ticks/ticks.c.o
 .ARM.attributes
                0x0000032c       0x2c CMakeFiles/picocalc_helloworld.dir/home/menadue/pico/pico-sdk/src/rp2_common/pico_bootrom/bootrom.c.o
 .ARM.attributes
                0x00000358       0x2c CMakeFiles/picocalc_helloworld.dir/home/menadue/pico/pico-sdk/src/rp2_common/hardware_xosc/xosc.c.o
 .ARM.attributes
                0x00000384       0x2c CMakeFiles/picocalc_helloworld.dir/home/menadue/pico/pico-sdk/src/rp2_common/pico_runtime/runtime.c.o
 .ARM.attributes
                0x000003b0       0x2c CMakeFiles/picocalc_helloworld.dir/home/menadue/pico/pico-sdk/src/rp2_common/pico_runtime_init/runtime_init.c.o
 .ARM.attributes
                0x000003dc       0x2c CMakeFiles/picocalc_helloworld.dir/home/menadue/pico/pico-sdk/src/rp2_common/pico_runtime_init/runtime_init_clocks.c.o
 .ARM.attributes
                0x00000408       0x22 CMakeFiles/picocalc_helloworld.dir/home/menadue/pico/pico-sdk/src/rp2_common/pico_bit_ops/bit_ops_aeabi.S.o
 .ARM.attributes
                0x0000042a       0x22 CMakeFiles/picocalc_helloworld.dir/home/menadue/pico/pico-sdk/src/rp2_common/pico_divider/divider_hardware.S.o
 .ARM.attributes
                0x0000044c       0x22 CMakeFiles/picocalc_helloworld.dir/home/menadue/pico/pico-sdk/src/rp2_common/pico_double/double_aeabi_rp2040.S.o
 .ARM.attributes
                0x0000046e       0x2c CMakeFiles/picocalc_helloworld.dir/home/menadue/pico/pico-sdk/src/rp2_common/pico_double/double_init_rom_rp2040.c.o
 .ARM.attributes
                0x0000049a       0x22 CMakeFiles/picocalc_helloworld.dir/home/menadue/pico/pico-sdk/src/rp2_common/pico_double/double_v1_rom_shim_rp2040.S.o
 .ARM.attributes
                0x000004bc       0x22 CMakeFiles/picocalc_helloworld.dir/home/menadue/pico/pico-sdk/src/rp2_common/pico_int64_ops/pico_int64_ops_aeabi.S.o
 .ARM.attributes
                0x000004de       0x22 CMakeFiles/picocalc_helloworld.dir/home/menadue/pico/pico-sdk/src/rp2_common/pico_float/float_aeabi_rp2040.S.o
 .ARM.attributes
                0x00000500       0x2c CMakeFiles/picocalc_helloworld.dir/home/menadue/pico/pico-sdk/src/rp2_common/pico_float/float_init_rom_rp2040.c.o
 .ARM.attributes
                0x0000052c       0x22 CMakeFiles/picocalc_helloworld.dir/home/menadue/pico/pico-sdk/src/rp2_common/pico_float/float_v1_rom_shim_rp2040.S.o
 .ARM.attributes
                0x0000054e       0x2c CMakeFiles/picocalc_helloworld.dir/home/menadue/pico/pico-sdk/src/rp2_common/pico_malloc/malloc.c.o
 .ARM.attributes
                0x0000057a       0x22 CMakeFiles/picocalc_helloworld.dir/home/menadue/pico/pico-sdk/src/rp2_common/pico_mem_ops/mem_ops_aeabi.S.o
 .ARM.attributes
                0x0000059c       0x2c CMakeFiles/picocalc_helloworld.dir/home/menadue/pico/pico-sdk/src/rp2_common/pico_standard_binary_info/standard_binary_info.c.o
 .ARM.attributes
                0x000005c8       0x2c CMakeFiles/picocalc_helloworld.dir/home/menadue/pico/pico-sdk/src/rp2_common/pico_printf/printf.c.o
 .ARM.attributes
                0x000005f4       0x22 CMakeFiles/picocalc_helloworld.dir/home/menadue/pico/pico-sdk/src/rp2_common/pico_crt0/crt0.S.o
 .ARM.attributes
                0x00000616       0x2c CMakeFiles/picocalc_helloworld.dir/home/menadue/pico/pico-sdk/src/rp2_common/pico_clib_interface/newlib_interface.c.o
 .ARM.attributes
                0x00000642       0x2c CMakeFiles/picocalc_helloworld.dir/home/menadue/pico/pico-sdk/src/rp2_common/pico_stdio/stdio.c.o
 .ARM.attributes
                0x0000066e       0x2c CMakeFiles/picocalc_helloworld.dir/home/menadue/pico/pico-sdk/src/rp2_common/pico_stdio_uart/stdio_uart.c.o
 .ARM.attributes
                0x0000069a       0x2c CMakeFiles/picocalc_helloworld.dir/home/menadue/pico/pico-sdk/src/rp2_common/hardware_i2c/i2c.c.o
 .ARM.attributes
                0x000006c6       0x2c CMakeFiles/picocalc_helloworld.dir/home/menadue/pico/pico-sdk/src/rp2_common/hardware_spi/spi.c.o
 .ARM.attributes
                0x000006f2       0x2c CMakeFiles/picocalc_helloworld.dir/home/menadue/pico/pico-sdk/src/rp2_common/pico_multicore/multicore.c.o
 .ARM.attributes
                0x0000071e       0x2c CMakeFiles/picocalc_helloworld.dir/i2ckbd/i2ckbd.c.o
 .ARM.attributes
                0x0000074a       0x2c CMakeFiles/picocalc_helloworld.dir/lcdspi/lcdspi.c.o
 .ARM.attributes
                0x00000776       0x22 pico-sdk/src/rp2040/boot_stage2/CMakeFiles/bs2_default_library.dir/bs2_default_padded_checksummed.S.o
 .ARM.attributes
                0x00000798       0x1e /usr/lib/gcc/arm-none-eabi/14.1.0/thumb/v6-m/nofp/libgcc.a(_dvmd_tls.o)
 .ARM.attributes
                0x000007b6       0x2c /usr/lib/gcc/arm-none-eabi/14.1.0/../../../../arm-none-eabi/lib/thumb/v6-m/nofp/libg.a(libc_a-atexit.o)
 .ARM.attributes
                0x000007e2       0x2c /usr/lib/gcc/arm-none-eabi/14.1.0/../../../../arm-none-eabi/lib/thumb/v6-m/nofp/libg.a(libc_a-mallocr.o)
 .ARM.attributes
                0x0000080e       0x2c /usr/lib/gcc/arm-none-eabi/14.1.0/../../../../arm-none-eabi/lib/thumb/v6-m/nofp/libg.a(libc_a-mlock.o)
 .ARM.attributes
                0x0000083a       0x2c /usr/lib/gcc/arm-none-eabi/14.1.0/../../../../arm-none-eabi/lib/thumb/v6-m/nofp/libg.a(libc_a-ctype_.o)
 .ARM.attributes
                0x00000866       0x2c /usr/lib/gcc/arm-none-eabi/14.1.0/../../../../arm-none-eabi/lib/thumb/v6-m/nofp/libg.a(libc_a-fflush.o)
 .ARM.attributes
                0x00000892       0x2c /usr/lib/gcc/arm-none-eabi/14.1.0/../../../../arm-none-eabi/lib/thumb/v6-m/nofp/libg.a(libc_a-findfp.o)
 .ARM.attributes
                0x000008be       0x2c /usr/lib/gcc/arm-none-eabi/14.1.0/../../../../arm-none-eabi/lib/thumb/v6-m/nofp/libg.a(libc_a-fwalk.o)
 .ARM.attributes
                0x000008ea       0x2c /usr/lib/gcc/arm-none-eabi/14.1.0/../../../../arm-none-eabi/lib/thumb/v6-m/nofp/libg.a(libc_a-stdio.o)
 .ARM.attributes
                0x00000916       0x2c /usr/lib/gcc/arm-none-eabi/14.1.0/../../../../arm-none-eabi/lib/thumb/v6-m/nofp/libg.a(libc_a-closer.o)
 .ARM.attributes
                0x00000942       0x2c /usr/lib/gcc/arm-none-eabi/14.1.0/../../../../arm-none-eabi/lib/thumb/v6-m/nofp/libg.a(libc_a-reent.o)
 .ARM.attributes
                0x0000096e       0x2c /usr/lib/gcc/arm-none-eabi/14.1.0/../../../../arm-none-eabi/lib/thumb/v6-m/nofp/libg.a(libc_a-impure.o)
 .ARM.attributes
                0x0000099a       0x2c /usr/lib/gcc/arm-none-eabi/14.1.0/../../../../arm-none-eabi/lib/thumb/v6-m/nofp/libg.a(libc_a-lseekr.o)
 .ARM.attributes
                0x000009c6       0x2c /usr/lib/gcc/arm-none-eabi/14.1.0/../../../../arm-none-eabi/lib/thumb/v6-m/nofp/libg.a(libc_a-readr.o)
 .ARM.attributes
                0x000009f2       0x2c /usr/lib/gcc/arm-none-eabi/14.1.0/../../../../arm-none-eabi/lib/thumb/v6-m/nofp/libg.a(libc_a-sbrkr.o)
 .ARM.attributes
                0x00000a1e       0x2c /usr/lib/gcc/arm-none-eabi/14.1.0/../../../../arm-none-eabi/lib/thumb/v6-m/nofp/libg.a(libc_a-writer.o)
 .ARM.attributes
                0x00000a4a       0x2c /usr/lib/gcc/arm-none-eabi/14.1.0/../../../../arm-none-eabi/lib/thumb/v6-m/nofp/libg.a(libc_a-errno.o)
 .ARM.attributes
                0x00000a76       0x2c /usr/lib/gcc/arm-none-eabi/14.1.0/../../../../arm-none-eabi/lib/thumb/v6-m/nofp/libg.a(libc_a-fini.o)
 .ARM.attributes
                0x00000aa2       0x2c /usr/lib/gcc/arm-none-eabi/14.1.0/../../../../arm-none-eabi/lib/thumb/v6-m/nofp/libg.a(libc_a-lock.o)
 .ARM.attributes
                0x00000ace       0x2c /usr/lib/gcc/arm-none-eabi/14.1.0/../../../../arm-none-eabi/lib/thumb/v6-m/nofp/libg.a(libc_a-sysconf.o)
 .ARM.attributes
                0x00000afa       0x2c /usr/lib/gcc/arm-none-eabi/14.1.0/../../../../arm-none-eabi/lib/thumb/v6-m/nofp/libg.a(libc_a-strlen-stub.o)
 .ARM.attributes
                0x00000b26       0x2c /usr/lib/gcc/arm-none-eabi/14.1.0/../../../../arm-none-eabi/lib/thumb/v6-m/nofp/libg.a(libc_a-__atexit.o)
 .ARM.attributes
                0x00000b52       0x2c /usr/lib/gcc/arm-none-eabi/14.1.0/../../../../arm-none-eabi/lib/thumb/v6-m/nofp/libg.a(libc_a-__call_atexit.o)
 .ARM.attributes
                0x00000b7e       0x2c /usr/lib/gcc/arm-none-eabi/14.1.0/../../../../arm-none-eabi/lib/thumb/v6-m/nofp/libg.a(libc_a-freer.o)
 .ARM.attributes
                0x00000baa       0x2c /usr/lib/gcc/arm-none-eabi/14.1.0/../../../../arm-none-eabi/lib/thumb/v6-m/nofp/libg.a(libc_a-fclose.o)
 .ARM.attributes
                0x00000bd6       0x2c /usr/lib/gcc/arm-none-eabi/14.1.0/thumb/v6-m/nofp/crtend.o

.comment        0x00000000       0x46
 .comment       0x00000000       0x46 /usr/lib/gcc/arm-none-eabi/14.1.0/thumb/v6-m/nofp/crtbegin.o
                                 0x24 (size before relaxing)
 .comment       0x00000046       0x24 CMakeFiles/picocalc_helloworld.dir/main.c.o
 .comment       0x00000046       0x24 CMakeFiles/picocalc_helloworld.dir/home/menadue/pico/pico-sdk/src/rp2_common/hardware_gpio/gpio.c.o
 .comment       0x00000046       0x24 CMakeFiles/picocalc_helloworld.dir/home/menadue/pico/pico-sdk/src/rp2_common/pico_platform_panic/panic.c.o
 .comment       0x00000046       0x24 CMakeFiles/picocalc_helloworld.dir/home/menadue/pico/pico-sdk/src/common/hardware_claim/claim.c.o
 .comment       0x00000046       0x24 CMakeFiles/picocalc_helloworld.dir/home/menadue/pico/pico-sdk/src/rp2_common/hardware_sync/sync.c.o
 .comment       0x00000046       0x24 CMakeFiles/picocalc_helloworld.dir/home/menadue/pico/pico-sdk/src/rp2_common/hardware_sync_spin_lock/sync_spin_lock.c.o
 .comment       0x00000046       0x24 CMakeFiles/picocalc_helloworld.dir/home/menadue/pico/pico-sdk/src/rp2_common/hardware_irq/irq.c.o
 .comment       0x00000046       0x24 CMakeFiles/picocalc_helloworld.dir/home/menadue/pico/pico-sdk/src/common/pico_sync/lock_core.c.o
 .comment       0x00000046       0x24 CMakeFiles/picocalc_helloworld.dir/home/menadue/pico/pico-sdk/src/common/pico_sync/mutex.c.o
 .comment       0x00000046       0x24 CMakeFiles/picocalc_helloworld.dir/home/menadue/pico/pico-sdk/src/common/pico_time/time.c.o
 .comment       0x00000046       0x24 CMakeFiles/picocalc_helloworld.dir/home/menadue/pico/pico-sdk/src/common/pico_time/timeout_helper.c.o
 .comment       0x00000046       0x24 CMakeFiles/picocalc_helloworld.dir/home/menadue/pico/pico-sdk/src/rp2_common/hardware_timer/timer.c.o
 .comment       0x00000046       0x24 CMakeFiles/picocalc_helloworld.dir/home/menadue/pico/pico-sdk/src/rp2_common/hardware_uart/uart.c.o
 .comment       0x00000046       0x24 CMakeFiles/picocalc_helloworld.dir/home/menadue/pico/pico-sdk/src/rp2_common/hardware_clocks/clocks.c.o
 .comment       0x00000046       0x24 CMakeFiles/picocalc_helloworld.dir/home/menadue/pico/pico-sdk/src/rp2_common/hardware_pll/pll.c.o
 .comment       0x00000046       0x24 CMakeFiles/picocalc_helloworld.dir/home/menadue/pico/pico-sdk/src/rp2_common/hardware_ticks/ticks.c.o
 .comment       0x00000046       0x24 CMakeFiles/picocalc_helloworld.dir/home/menadue/pico/pico-sdk/src/rp2_common/pico_bootrom/bootrom.c.o
 .comment       0x00000046       0x24 CMakeFiles/picocalc_helloworld.dir/home/menadue/pico/pico-sdk/src/rp2_common/hardware_xosc/xosc.c.o
 .comment       0x00000046       0x24 CMakeFiles/picocalc_helloworld.dir/home/menadue/pico/pico-sdk/src/rp2_common/pico_runtime/runtime.c.o
 .comment       0x00000046       0x24 CMakeFiles/picocalc_helloworld.dir/home/menadue/pico/pico-sdk/src/rp2_common/pico_runtime_init/runtime_init.c.o
 .comment       0x00000046       0x24 CMakeFiles/picocalc_helloworld.dir/home/menadue/pico/pico-sdk/src/rp2_common/pico_runtime_init/runtime_init_clocks.c.o
 .comment       0x00000046       0x24 CMakeFiles/picocalc_helloworld.dir/home/menadue/pico/pico-sdk/src/rp2_common/pico_double/double_init_rom_rp2040.c.o
 .comment       0x00000046       0x24 CMakeFiles/picocalc_helloworld.dir/home/menadue/pico/pico-sdk/src/rp2_common/pico_float/float_init_rom_rp2040.c.o
 .comment       0x00000046       0x24 CMakeFiles/picocalc_helloworld.dir/home/menadue/pico/pico-sdk/src/rp2_common/pico_malloc/malloc.c.o
 .comment       0x00000046       0x24 CMakeFiles/picocalc_helloworld.dir/home/menadue/pico/pico-sdk/src/rp2_common/pico_standard_binary_info/standard_binary_info.c.o
 .comment       0x00000046       0x24 CMakeFiles/picocalc_helloworld.dir/home/menadue/pico/pico-sdk/src/rp2_common/pico_printf/printf.c.o
 .comment       0x00000046       0x24 CMakeFiles/picocalc_helloworld.dir/home/menadue/pico/pico-sdk/src/rp2_common/pico_clib_interface/newlib_interface.c.o
 .comment       0x00000046       0x24 CMakeFiles/picocalc_helloworld.dir/home/menadue/pico/pico-sdk/src/rp2_common/pico_stdio/stdio.c.o
 .comment       0x00000046       0x24 CMakeFiles/picocalc_helloworld.dir/home/menadue/pico/pico-sdk/src/rp2_common/pico_stdio_uart/stdio_uart.c.o
 .comment       0x00000046       0x24 CMakeFiles/picocalc_helloworld.dir/home/menadue/pico/pico-sdk/src/rp2_common/hardware_i2c/i2c.c.o
 .comment       0x00000046       0x24 CMakeFiles/picocalc_helloworld.dir/home/menadue/pico/pico-sdk/src/rp2_common/hardware_spi/spi.c.o
 .comment       0x00000046       0x24 CMakeFiles/picocalc_helloworld.dir/home/menadue/pico/pico-sdk/src/rp2_common/pico_multicore/multicore.c.o
 .comment       0x00000046       0x24 CMakeFiles/picocalc_helloworld.dir/i2ckbd/i2ckbd.c.o
 .comment       0x00000046       0x24 CMakeFiles/picocalc_helloworld.dir/lcdspi/lcdspi.c.o
 .comment       0x00000046       0x24 /usr/lib/gcc/arm-none-eabi/14.1.0/../../../../arm-none-eabi/lib/thumb/v6-m/nofp/libg.a(libc_a-atexit.o)
 .comment       0x00000046       0x24 /usr/lib/gcc/arm-none-eabi/14.1.0/../../../../arm-none-eabi/lib/thumb/v6-m/nofp/libg.a(libc_a-mallocr.o)
 .comment       0x00000046       0x24 /usr/lib/gcc/arm-none-eabi/14.1.0/../../../../arm-none-eabi/lib/thumb/v6-m/nofp/libg.a(libc_a-mlock.o)
 .comment       0x00000046       0x24 /usr/lib/gcc/arm-none-eabi/14.1.0/../../../../arm-none-eabi/lib/thumb/v6-m/nofp/libg.a(libc_a-ctype_.o)
 .comment       0x00000046       0x24 /usr/lib/gcc/arm-none-eabi/14.1.0/../../../../arm-none-eabi/lib/thumb/v6-m/nofp/libg.a(libc_a-fflush.o)
 .comment       0x00000046       0x24 /usr/lib/gcc/arm-none-eabi/14.1.0/../../../../arm-none-eabi/lib/thumb/v6-m/nofp/libg.a(libc_a-findfp.o)
 .comment       0x00000046       0x24 /usr/lib/gcc/arm-none-eabi/14.1.0/../../../../arm-none-eabi/lib/thumb/v6-m/nofp/libg.a(libc_a-fwalk.o)
 .comment       0x00000046       0x24 /usr/lib/gcc/arm-none-eabi/14.1.0/../../../../arm-none-eabi/lib/thumb/v6-m/nofp/libg.a(libc_a-stdio.o)
 .comment       0x00000046       0x24 /usr/lib/gcc/arm-none-eabi/14.1.0/../../../../arm-none-eabi/lib/thumb/v6-m/nofp/libg.a(libc_a-closer.o)
 .comment       0x00000046       0x24 /usr/lib/gcc/arm-none-eabi/14.1.0/../../../../arm-none-eabi/lib/thumb/v6-m/nofp/libg.a(libc_a-reent.o)
 .comment       0x00000046       0x24 /usr/lib/gcc/arm-none-eabi/14.1.0/../../../../arm-none-eabi/lib/thumb/v6-m/nofp/libg.a(libc_a-impure.o)
 .comment       0x00000046       0x24 /usr/lib/gcc/arm-none-eabi/14.1.0/../../../../arm-none-eabi/lib/thumb/v6-m/nofp/libg.a(libc_a-lseekr.o)
 .comment       0x00000046       0x24 /usr/lib/gcc/arm-none-eabi/14.1.0/../../../../arm-none-eabi/lib/thumb/v6-m/nofp/libg.a(libc_a-readr.o)
 .comment       0x00000046       0x24 /usr/lib/gcc/arm-none-eabi/14.1.0/../../../../arm-none-eabi/lib/thumb/v6-m/nofp/libg.a(libc_a-sbrkr.o)
 .comment       0x00000046       0x24 /usr/lib/gcc/arm-none-eabi/14.1.0/../../../../arm-none-eabi/lib/thumb/v6-m/nofp/libg.a(libc_a-writer.o)
 .comment       0x00000046       0x24 /usr/lib/gcc/arm-none-eabi/14.1.0/../../../../arm-none-eabi/lib/thumb/v6-m/nofp/libg.a(libc_a-errno.o)
 .comment       0x00000046       0x24 /usr/lib/gcc/arm-none-eabi/14.1.0/../../../../arm-none-eabi/lib/thumb/v6-m/nofp/libg.a(libc_a-fini.o)
 .comment       0x00000046       0x24 /usr/lib/gcc/arm-none-eabi/14.1.0/../../../../arm-none-eabi/lib/thumb/v6-m/nofp/libg.a(libc_a-lock.o)
 .comment       0x00000046       0x24 /usr/lib/gcc/arm-none-eabi/14.1.0/../../../../arm-none-eabi/lib/thumb/v6-m/nofp/libg.a(libc_a-sysconf.o)
 .comment       0x00000046       0x24 /usr/lib/gcc/arm-none-eabi/14.1.0/../../../../arm-none-eabi/lib/thumb/v6-m/nofp/libg.a(libc_a-strlen-stub.o)
 .comment       0x00000046       0x24 /usr/lib/gcc/arm-none-eabi/14.1.0/../../../../arm-none-eabi/lib/thumb/v6-m/nofp/libg.a(libc_a-__atexit.o)
 .comment       0x00000046       0x24 /usr/lib/gcc/arm-none-eabi/14.1.0/../../../../arm-none-eabi/lib/thumb/v6-m/nofp/libg.a(libc_a-__call_atexit.o)
 .comment       0x00000046       0x24 /usr/lib/gcc/arm-none-eabi/14.1.0/../../../../arm-none-eabi/lib/thumb/v6-m/nofp/libg.a(libc_a-freer.o)